2025-11-12 00:37:24,572 | INFO | == Iniciando executor de notebooks (headless + timeout real) ==
2025-11-12 00:37:24,572 | INFO | Parâmetros: input=/home/asu/reproducibility_of_jupyter_notebooks-1/data/outputs/collection.csv output=/home/asu/reproducibility_of_jupyter_notebooks-1/data/outputs/execution_results.csv policy=strict timeout=300s limit=None originals_dir=/home/asu/reproducibility_of_jupyter_notebooks-1/data/outputs/notebooks_originais
2025-11-12 00:37:24,573 | INFO | 🔍 Analisando versões Python nos notebooks...
2025-11-12 00:37:24,574 | INFO | 📊 Versões Python encontradas: {'3.13': 30, '3.6': 7, 'unknown': 6, '3.12': 3}
2025-11-12 00:37:24,574 | INFO | 🎯 Versão mais comum: Python 3.13
2025-11-12 00:37:24,574 | INFO | 🐳 Imagem Docker sugerida: notebook-executor-py313
2025-11-12 00:37:24,574 | INFO | 💡 Para usar a versão correta, execute:
2025-11-12 00:37:24,574 | INFO |    docker build -t notebook-executor-py313 -f Dockerfile.python313 .
2025-11-12 00:37:24,574 | INFO | Workspace temporário: /tmp/nbexec_23pk_af6
2025-11-12 00:37:24,762 | INFO | Clonando wewnumam/learn-ai@main
2025-11-12 00:37:26,477 | INFO | Executando via Docker: image=notebook-executor-py313 nb=data-analysis/FreeCodeCamp-Pandas-Real-Life-Example/Exercises_1.ipynb
2025-11-12 00:37:26,477 | INFO | docker run: docker run --rm -v /tmp/nbexec_23pk_af6/wewnumam__learn-ai:/workspace/repo:ro -v /tmp/nbexec_23pk_af6/wewnumam__learn-ai/_out/data-analysis__FreeCodeCamp-Pandas-Real-Life-Example__Exercises_1.ipynb:/workspace/out -e NOTEBOOK_REL_PATH=data-analysis/FreeCodeCamp-Pandas-Real-Life-Example/Exercises_1.ipynb -e TIMEOUT_SECONDS=300 -e PYTHON_VERSION_DECLARED=3.13 -e NOTEBOOK_ID=c2e53f77127f68dd7cb996540e06a7bfa63d1b63cc2fa697c00f311cf42dd2d6 notebook-executor-py313 python -m scripts.container_worker
2025-11-12 00:37:26,943 | WARNING | Docker returned 1. STDOUT/ERR tail:

Traceback (most recent call last):
  File "<frozen runpy>", line 198, in _run_module_as_main
  File "<frozen runpy>", line 88, in _run_code
  File "/executor/scripts/container_worker.py", line 25, in <module>
    from execution_core import execute_notebook_in_current_env
ModuleNotFoundError: No module named 'execution_core'

2025-11-12 00:37:26,953 | INFO | Executando via Docker: image=notebook-executor-py313 nb=data-analysis/FreeCodeCamp-Pandas-Real-Life-Example/Exercises_2.ipynb
2025-11-12 00:37:26,953 | INFO | docker run: docker run --rm -v /tmp/nbexec_23pk_af6/wewnumam__learn-ai:/workspace/repo:ro -v /tmp/nbexec_23pk_af6/wewnumam__learn-ai/_out/data-analysis__FreeCodeCamp-Pandas-Real-Life-Example__Exercises_2.ipynb:/workspace/out -e NOTEBOOK_REL_PATH=data-analysis/FreeCodeCamp-Pandas-Real-Life-Example/Exercises_2.ipynb -e TIMEOUT_SECONDS=300 -e PYTHON_VERSION_DECLARED=3.13 -e NOTEBOOK_ID=d97db5d1574e42f3c2700c5f9fae8c9e5858a5b4a8ec6810b0e9fea3a50a9a7f notebook-executor-py313 python -m scripts.container_worker
2025-11-12 00:37:27,420 | WARNING | Docker returned 1. STDOUT/ERR tail:

Traceback (most recent call last):
  File "<frozen runpy>", line 198, in _run_module_as_main
  File "<frozen runpy>", line 88, in _run_code
  File "/executor/scripts/container_worker.py", line 25, in <module>
    from execution_core import execute_notebook_in_current_env
ModuleNotFoundError: No module named 'execution_core'

2025-11-12 00:37:27,431 | INFO | Executando via Docker: image=notebook-executor-py313 nb=data-analysis/FreeCodeCamp-Pandas-Real-Life-Example/Lecture_1.ipynb
2025-11-12 00:37:27,431 | INFO | docker run: docker run --rm -v /tmp/nbexec_23pk_af6/wewnumam__learn-ai:/workspace/repo:ro -v /tmp/nbexec_23pk_af6/wewnumam__learn-ai/_out/data-analysis__FreeCodeCamp-Pandas-Real-Life-Example__Lecture_1.ipynb:/workspace/out -e NOTEBOOK_REL_PATH=data-analysis/FreeCodeCamp-Pandas-Real-Life-Example/Lecture_1.ipynb -e TIMEOUT_SECONDS=300 -e PYTHON_VERSION_DECLARED=3.13 -e NOTEBOOK_ID=931de126d369b599ed4f430b7c00ff9973990ffee7777a99daf51daa70586392 notebook-executor-py313 python -m scripts.container_worker
2025-11-12 00:37:27,873 | WARNING | Docker returned 1. STDOUT/ERR tail:

Traceback (most recent call last):
  File "<frozen runpy>", line 198, in _run_module_as_main
  File "<frozen runpy>", line 88, in _run_code
  File "/executor/scripts/container_worker.py", line 25, in <module>
    from execution_core import execute_notebook_in_current_env
ModuleNotFoundError: No module named 'execution_core'

2025-11-12 00:37:27,881 | INFO | Executando via Docker: image=notebook-executor-py313 nb=data-analysis/FreeCodeCamp-Pandas-Real-Life-Example/Lecture_2.ipynb
2025-11-12 00:37:27,881 | INFO | docker run: docker run --rm -v /tmp/nbexec_23pk_af6/wewnumam__learn-ai:/workspace/repo:ro -v /tmp/nbexec_23pk_af6/wewnumam__learn-ai/_out/data-analysis__FreeCodeCamp-Pandas-Real-Life-Example__Lecture_2.ipynb:/workspace/out -e NOTEBOOK_REL_PATH=data-analysis/FreeCodeCamp-Pandas-Real-Life-Example/Lecture_2.ipynb -e TIMEOUT_SECONDS=300 -e PYTHON_VERSION_DECLARED=3.13 -e NOTEBOOK_ID=7707961d01863dfa29aded1f2a9291575746cfd0ffc12753383f619b11166303 notebook-executor-py313 python -m scripts.container_worker
2025-11-12 00:37:28,370 | WARNING | Docker returned 1. STDOUT/ERR tail:

Traceback (most recent call last):
  File "<frozen runpy>", line 198, in _run_module_as_main
  File "<frozen runpy>", line 88, in _run_code
  File "/executor/scripts/container_worker.py", line 25, in <module>
    from execution_core import execute_notebook_in_current_env
ModuleNotFoundError: No module named 'execution_core'

2025-11-12 00:37:28,441 | INFO | Executando via Docker: image=notebook-executor-py36 nb=data-analysis/RDP-Reading-Data-with-Python-and-Pandas/unit-1-reading-data-with-python-and-pandas/lesson-1-reading-csv-and-txt-files/files/Lecture.ipynb
2025-11-12 00:37:28,442 | INFO | docker run: docker run --rm -v /tmp/nbexec_23pk_af6/wewnumam__learn-ai:/workspace/repo:ro -v /tmp/nbexec_23pk_af6/wewnumam__learn-ai/_out/data-analysis__RDP-Reading-Data-with-Python-and-Pandas__unit-1-reading-data-with-python-and-pandas__lesson-1-reading-csv-and-txt-files__files__Lecture.ipynb:/workspace/out -e NOTEBOOK_REL_PATH=data-analysis/RDP-Reading-Data-with-Python-and-Pandas/unit-1-reading-data-with-python-and-pandas/lesson-1-reading-csv-and-txt-files/files/Lecture.ipynb -e TIMEOUT_SECONDS=300 -e PYTHON_VERSION_DECLARED=3.6 -e NOTEBOOK_ID=da43bbd214c4f8acd75fb7b713ecc219b3232971f8589d7058f57bd1cd7074cc notebook-executor-py36 python -m scripts.container_worker
2025-11-12 00:37:28,913 | WARNING | Docker returned 1. STDOUT/ERR tail:

Traceback (most recent call last):
  File "/usr/local/lib/python3.6/runpy.py", line 183, in _run_module_as_main
    mod_name, mod_spec, code = _get_module_details(mod_name, _Error)
  File "/usr/local/lib/python3.6/runpy.py", line 153, in _get_module_details
    code = loader.get_code(mod_name)
  File "<frozen importlib._bootstrap_external>", line 781, in get_code
  File "<frozen importlib._bootstrap_external>", line 741, in source_to_code
  File "<frozen importlib._bootstrap>", line 219, in _call_with_frames_removed
  File "/executor/scripts/container_worker.py", line 15
    from __future__ import annotations
    ^
SyntaxError: future feature annotations is not defined

2025-11-12 00:37:28,920 | INFO | Executando via Docker: image=notebook-executor-py36 nb=data-analysis/RDP-Reading-Data-with-Python-and-Pandas/unit-1-reading-data-with-python-and-pandas/lesson-11-reading-data-from-relational-databases/files/Lecture.ipynb
2025-11-12 00:37:28,921 | INFO | docker run: docker run --rm -v /tmp/nbexec_23pk_af6/wewnumam__learn-ai:/workspace/repo:ro -v /tmp/nbexec_23pk_af6/wewnumam__learn-ai/_out/data-analysis__RDP-Reading-Data-with-Python-and-Pandas__unit-1-reading-data-with-python-and-pandas__lesson-11-reading-data-from-relational-databases__files__Lecture.ipynb:/workspace/out -e NOTEBOOK_REL_PATH=data-analysis/RDP-Reading-Data-with-Python-and-Pandas/unit-1-reading-data-with-python-and-pandas/lesson-11-reading-data-from-relational-databases/files/Lecture.ipynb -e TIMEOUT_SECONDS=300 -e PYTHON_VERSION_DECLARED=3.6 -e NOTEBOOK_ID=ce1f0f4876ea82818df6638f3e3554aa22fbfc48a8a238f86e3d4f01b29252ce notebook-executor-py36 python -m scripts.container_worker
2025-11-12 00:37:29,434 | WARNING | Docker returned 1. STDOUT/ERR tail:

Traceback (most recent call last):
  File "/usr/local/lib/python3.6/runpy.py", line 183, in _run_module_as_main
    mod_name, mod_spec, code = _get_module_details(mod_name, _Error)
  File "/usr/local/lib/python3.6/runpy.py", line 153, in _get_module_details
    code = loader.get_code(mod_name)
  File "<frozen importlib._bootstrap_external>", line 781, in get_code
  File "<frozen importlib._bootstrap_external>", line 741, in source_to_code
  File "<frozen importlib._bootstrap>", line 219, in _call_with_frames_removed
  File "/executor/scripts/container_worker.py", line 15
    from __future__ import annotations
    ^
SyntaxError: future feature annotations is not defined

2025-11-12 00:37:29,442 | INFO | Executando via Docker: image=notebook-executor-py36 nb=data-analysis/RDP-Reading-Data-with-Python-and-Pandas/unit-1-reading-data-with-python-and-pandas/lesson-15-fetching-data-from-a-rest-api/files/Lecture.ipynb
2025-11-12 00:37:29,442 | INFO | docker run: docker run --rm -v /tmp/nbexec_23pk_af6/wewnumam__learn-ai:/workspace/repo:ro -v /tmp/nbexec_23pk_af6/wewnumam__learn-ai/_out/data-analysis__RDP-Reading-Data-with-Python-and-Pandas__unit-1-reading-data-with-python-and-pandas__lesson-15-fetching-data-from-a-rest-api__files__Lecture.ipynb:/workspace/out -e NOTEBOOK_REL_PATH=data-analysis/RDP-Reading-Data-with-Python-and-Pandas/unit-1-reading-data-with-python-and-pandas/lesson-15-fetching-data-from-a-rest-api/files/Lecture.ipynb -e TIMEOUT_SECONDS=300 -e PYTHON_VERSION_DECLARED=3.6 -e NOTEBOOK_ID=1d9cb73d5cdab6459a7a262a588541a57bca90f86ca81296e28e45b90f21758f notebook-executor-py36 python -m scripts.container_worker
2025-11-12 00:37:29,933 | WARNING | Docker returned 1. STDOUT/ERR tail:

Traceback (most recent call last):
  File "/usr/local/lib/python3.6/runpy.py", line 183, in _run_module_as_main
    mod_name, mod_spec, code = _get_module_details(mod_name, _Error)
  File "/usr/local/lib/python3.6/runpy.py", line 153, in _get_module_details
    code = loader.get_code(mod_name)
  File "<frozen importlib._bootstrap_external>", line 781, in get_code
  File "<frozen importlib._bootstrap_external>", line 741, in source_to_code
  File "<frozen importlib._bootstrap>", line 219, in _call_with_frames_removed
  File "/executor/scripts/container_worker.py", line 15
    from __future__ import annotations
    ^
SyntaxError: future feature annotations is not defined

2025-11-12 00:37:29,940 | INFO | Executando via Docker: image=notebook-executor-py36 nb=data-analysis/RDP-Reading-Data-with-Python-and-Pandas/unit-1-reading-data-with-python-and-pandas/lesson-17-reading-html-tables/files/Lecture.ipynb
2025-11-12 00:37:29,940 | INFO | docker run: docker run --rm -v /tmp/nbexec_23pk_af6/wewnumam__learn-ai:/workspace/repo:ro -v /tmp/nbexec_23pk_af6/wewnumam__learn-ai/_out/data-analysis__RDP-Reading-Data-with-Python-and-Pandas__unit-1-reading-data-with-python-and-pandas__lesson-17-reading-html-tables__files__Lecture.ipynb:/workspace/out -e NOTEBOOK_REL_PATH=data-analysis/RDP-Reading-Data-with-Python-and-Pandas/unit-1-reading-data-with-python-and-pandas/lesson-17-reading-html-tables/files/Lecture.ipynb -e TIMEOUT_SECONDS=300 -e PYTHON_VERSION_DECLARED=3.6 -e NOTEBOOK_ID=58a25dbb7e3cee5c8b8343fda33bfc2b2522263ecc613cadd6dfb163005c9f3b notebook-executor-py36 python -m scripts.container_worker
2025-11-12 00:37:30,462 | WARNING | Docker returned 1. STDOUT/ERR tail:

Traceback (most recent call last):
  File "/usr/local/lib/python3.6/runpy.py", line 183, in _run_module_as_main
    mod_name, mod_spec, code = _get_module_details(mod_name, _Error)
  File "/usr/local/lib/python3.6/runpy.py", line 153, in _get_module_details
    code = loader.get_code(mod_name)
  File "<frozen importlib._bootstrap_external>", line 781, in get_code
  File "<frozen importlib._bootstrap_external>", line 741, in source_to_code
  File "<frozen importlib._bootstrap>", line 219, in _call_with_frames_removed
  File "/executor/scripts/container_worker.py", line 15
    from __future__ import annotations
    ^
SyntaxError: future feature annotations is not defined

2025-11-12 00:37:30,469 | INFO | Executando via Docker: image=notebook-executor-py36 nb=data-analysis/RDP-Reading-Data-with-Python-and-Pandas/unit-1-reading-data-with-python-and-pandas/lesson-19-complementary-file-types-and-io-tools/files/Lecture.ipynb
2025-11-12 00:37:30,470 | INFO | docker run: docker run --rm -v /tmp/nbexec_23pk_af6/wewnumam__learn-ai:/workspace/repo:ro -v /tmp/nbexec_23pk_af6/wewnumam__learn-ai/_out/data-analysis__RDP-Reading-Data-with-Python-and-Pandas__unit-1-reading-data-with-python-and-pandas__lesson-19-complementary-file-types-and-io-tools__files__Lecture.ipynb:/workspace/out -e NOTEBOOK_REL_PATH=data-analysis/RDP-Reading-Data-with-Python-and-Pandas/unit-1-reading-data-with-python-and-pandas/lesson-19-complementary-file-types-and-io-tools/files/Lecture.ipynb -e TIMEOUT_SECONDS=300 -e PYTHON_VERSION_DECLARED=3.6 -e NOTEBOOK_ID=92fdf1af23611040cb77056b3548ff872db87baae81cf3b5210229778fa730db notebook-executor-py36 python -m scripts.container_worker
2025-11-12 00:37:30,886 | WARNING | Docker returned 1. STDOUT/ERR tail:

Traceback (most recent call last):
  File "/usr/local/lib/python3.6/runpy.py", line 183, in _run_module_as_main
    mod_name, mod_spec, code = _get_module_details(mod_name, _Error)
  File "/usr/local/lib/python3.6/runpy.py", line 153, in _get_module_details
    code = loader.get_code(mod_name)
  File "<frozen importlib._bootstrap_external>", line 781, in get_code
  File "<frozen importlib._bootstrap_external>", line 741, in source_to_code
  File "<frozen importlib._bootstrap>", line 219, in _call_with_frames_removed
  File "/executor/scripts/container_worker.py", line 15
    from __future__ import annotations
    ^
SyntaxError: future feature annotations is not defined

2025-11-12 00:37:30,894 | INFO | Executando via Docker: image=notebook-executor-py36 nb=data-analysis/RDP-Reading-Data-with-Python-and-Pandas/unit-1-reading-data-with-python-and-pandas/lesson-5-reading-excel-files/files/Lecture.ipynb
2025-11-12 00:37:30,894 | INFO | docker run: docker run --rm -v /tmp/nbexec_23pk_af6/wewnumam__learn-ai:/workspace/repo:ro -v /tmp/nbexec_23pk_af6/wewnumam__learn-ai/_out/data-analysis__RDP-Reading-Data-with-Python-and-Pandas__unit-1-reading-data-with-python-and-pandas__lesson-5-reading-excel-files__files__Lecture.ipynb:/workspace/out -e NOTEBOOK_REL_PATH=data-analysis/RDP-Reading-Data-with-Python-and-Pandas/unit-1-reading-data-with-python-and-pandas/lesson-5-reading-excel-files/files/Lecture.ipynb -e TIMEOUT_SECONDS=300 -e PYTHON_VERSION_DECLARED=3.6 -e NOTEBOOK_ID=965bbf9ab3550a9dac0de3fbaefd2fc63786416c11cf844a12c307bc62621ffd notebook-executor-py36 python -m scripts.container_worker
2025-11-12 00:37:31,342 | WARNING | Docker returned 1. STDOUT/ERR tail:

Traceback (most recent call last):
  File "/usr/local/lib/python3.6/runpy.py", line 183, in _run_module_as_main
    mod_name, mod_spec, code = _get_module_details(mod_name, _Error)
  File "/usr/local/lib/python3.6/runpy.py", line 153, in _get_module_details
    code = loader.get_code(mod_name)
  File "<frozen importlib._bootstrap_external>", line 781, in get_code
  File "<frozen importlib._bootstrap_external>", line 741, in source_to_code
  File "<frozen importlib._bootstrap>", line 219, in _call_with_frames_removed
  File "/executor/scripts/container_worker.py", line 15
    from __future__ import annotations
    ^
SyntaxError: future feature annotations is not defined

2025-11-12 00:37:31,349 | INFO | Executando via Docker: image=notebook-executor-py36 nb=data-analysis/RDP-Reading-Data-with-Python-and-Pandas/unit-1-reading-data-with-python-and-pandas/lesson-8-reading-json-files/files/Lecture.ipynb
2025-11-12 00:37:31,349 | INFO | docker run: docker run --rm -v /tmp/nbexec_23pk_af6/wewnumam__learn-ai:/workspace/repo:ro -v /tmp/nbexec_23pk_af6/wewnumam__learn-ai/_out/data-analysis__RDP-Reading-Data-with-Python-and-Pandas__unit-1-reading-data-with-python-and-pandas__lesson-8-reading-json-files__files__Lecture.ipynb:/workspace/out -e NOTEBOOK_REL_PATH=data-analysis/RDP-Reading-Data-with-Python-and-Pandas/unit-1-reading-data-with-python-and-pandas/lesson-8-reading-json-files/files/Lecture.ipynb -e TIMEOUT_SECONDS=300 -e PYTHON_VERSION_DECLARED=3.6 -e NOTEBOOK_ID=9c8b089b8a6be14aadb22e01391f07381185feaefaea98a156bc27efc243b939 notebook-executor-py36 python -m scripts.container_worker
2025-11-12 00:37:31,767 | WARNING | Docker returned 1. STDOUT/ERR tail:

Traceback (most recent call last):
  File "/usr/local/lib/python3.6/runpy.py", line 183, in _run_module_as_main
    mod_name, mod_spec, code = _get_module_details(mod_name, _Error)
  File "/usr/local/lib/python3.6/runpy.py", line 153, in _get_module_details
    code = loader.get_code(mod_name)
  File "<frozen importlib._bootstrap_external>", line 781, in get_code
  File "<frozen importlib._bootstrap_external>", line 741, in source_to_code
  File "<frozen importlib._bootstrap>", line 219, in _call_with_frames_removed
  File "/executor/scripts/container_worker.py", line 15
    from __future__ import annotations
    ^
SyntaxError: future feature annotations is not defined

2025-11-12 00:37:31,768 | INFO | Executando via Docker: image=notebook-executor-py313 nb=data-analysis/data-cleaning-rmotr-freecodecamp/1 - Missing Data.ipynb
2025-11-12 00:37:31,769 | INFO | docker run: docker run --rm -v /tmp/nbexec_23pk_af6/wewnumam__learn-ai:/workspace/repo:ro -v /tmp/nbexec_23pk_af6/wewnumam__learn-ai/_out/data-analysis__data-cleaning-rmotr-freecodecamp__1 - Missing Data.ipynb:/workspace/out -e NOTEBOOK_REL_PATH=data-analysis/data-cleaning-rmotr-freecodecamp/1 - Missing Data.ipynb -e TIMEOUT_SECONDS=300 -e PYTHON_VERSION_DECLARED=3.13 -e NOTEBOOK_ID=f5d517369a7c78daae0af067ef014668a4fa800a0565ad0b5fab7bf2f0dbed4d notebook-executor-py313 python -m scripts.container_worker
2025-11-12 00:37:32,248 | WARNING | Docker returned 1. STDOUT/ERR tail:

Traceback (most recent call last):
  File "<frozen runpy>", line 198, in _run_module_as_main
  File "<frozen runpy>", line 88, in _run_code
  File "/executor/scripts/container_worker.py", line 25, in <module>
    from execution_core import execute_notebook_in_current_env
ModuleNotFoundError: No module named 'execution_core'

2025-11-12 00:37:32,249 | INFO | Executando via Docker: image=notebook-executor-py313 nb=data-analysis/data-cleaning-rmotr-freecodecamp/2 - Handling Missing Data with Pandas.ipynb
2025-11-12 00:37:32,249 | INFO | docker run: docker run --rm -v /tmp/nbexec_23pk_af6/wewnumam__learn-ai:/workspace/repo:ro -v /tmp/nbexec_23pk_af6/wewnumam__learn-ai/_out/data-analysis__data-cleaning-rmotr-freecodecamp__2 - Handling Missing Data with Pandas.ipynb:/workspace/out -e NOTEBOOK_REL_PATH=data-analysis/data-cleaning-rmotr-freecodecamp/2 - Handling Missing Data with Pandas.ipynb -e TIMEOUT_SECONDS=300 -e PYTHON_VERSION_DECLARED=3.13 -e NOTEBOOK_ID=3602e8019807053a848681da02e9d5f5e5d52b10c020a69cdccfcd5f609cc5b4 notebook-executor-py313 python -m scripts.container_worker
2025-11-12 00:37:32,725 | WARNING | Docker returned 1. STDOUT/ERR tail:

Traceback (most recent call last):
  File "<frozen runpy>", line 198, in _run_module_as_main
  File "<frozen runpy>", line 88, in _run_code
  File "/executor/scripts/container_worker.py", line 25, in <module>
    from execution_core import execute_notebook_in_current_env
ModuleNotFoundError: No module named 'execution_core'

2025-11-12 00:37:32,726 | INFO | Executando via Docker: image=notebook-executor-py313 nb=data-analysis/data-cleaning-rmotr-freecodecamp/3 - Cleaning Not Null Values.ipynb
2025-11-12 00:37:32,727 | INFO | docker run: docker run --rm -v /tmp/nbexec_23pk_af6/wewnumam__learn-ai:/workspace/repo:ro -v /tmp/nbexec_23pk_af6/wewnumam__learn-ai/_out/data-analysis__data-cleaning-rmotr-freecodecamp__3 - Cleaning Not Null Values.ipynb:/workspace/out -e NOTEBOOK_REL_PATH=data-analysis/data-cleaning-rmotr-freecodecamp/3 - Cleaning Not Null Values.ipynb -e TIMEOUT_SECONDS=300 -e PYTHON_VERSION_DECLARED=3.13 -e NOTEBOOK_ID=b24652ff968e871c4657d7c602236d0d9dbf128fa6c193ba741fac799f9b4a40 notebook-executor-py313 python -m scripts.container_worker
2025-11-12 00:37:33,173 | WARNING | Docker returned 1. STDOUT/ERR tail:

Traceback (most recent call last):
  File "<frozen runpy>", line 198, in _run_module_as_main
  File "<frozen runpy>", line 88, in _run_code
  File "/executor/scripts/container_worker.py", line 25, in <module>
    from execution_core import execute_notebook_in_current_env
ModuleNotFoundError: No module named 'execution_core'

2025-11-12 00:37:33,175 | INFO | Executando via Docker: image=notebook-executor-py313 nb=data-analysis/data-cleaning-rmotr-freecodecamp/4 - More Visualizations.ipynb
2025-11-12 00:37:33,175 | INFO | docker run: docker run --rm -v /tmp/nbexec_23pk_af6/wewnumam__learn-ai:/workspace/repo:ro -v /tmp/nbexec_23pk_af6/wewnumam__learn-ai/_out/data-analysis__data-cleaning-rmotr-freecodecamp__4 - More Visualizations.ipynb:/workspace/out -e NOTEBOOK_REL_PATH=data-analysis/data-cleaning-rmotr-freecodecamp/4 - More Visualizations.ipynb -e TIMEOUT_SECONDS=300 -e PYTHON_VERSION_DECLARED=3.13 -e NOTEBOOK_ID=2983c66ede47e8f995218bc475be10e9eef33bb2b0a996ff54873c16a296f94f notebook-executor-py313 python -m scripts.container_worker
2025-11-12 00:37:33,684 | WARNING | Docker returned 1. STDOUT/ERR tail:

Traceback (most recent call last):
  File "<frozen runpy>", line 198, in _run_module_as_main
  File "<frozen runpy>", line 88, in _run_code
  File "/executor/scripts/container_worker.py", line 25, in <module>
    from execution_core import execute_notebook_in_current_env
ModuleNotFoundError: No module named 'execution_core'

2025-11-12 00:37:33,685 | INFO | Executando via Docker: image=notebook-executor-py313 nb=data-analysis/data-cleaning-rmotr-freecodecamp/5 - Real Example.ipynb
2025-11-12 00:37:33,685 | INFO | docker run: docker run --rm -v /tmp/nbexec_23pk_af6/wewnumam__learn-ai:/workspace/repo:ro -v /tmp/nbexec_23pk_af6/wewnumam__learn-ai/_out/data-analysis__data-cleaning-rmotr-freecodecamp__5 - Real Example.ipynb:/workspace/out -e NOTEBOOK_REL_PATH=data-analysis/data-cleaning-rmotr-freecodecamp/5 - Real Example.ipynb -e TIMEOUT_SECONDS=300 -e PYTHON_VERSION_DECLARED=3.13 -e NOTEBOOK_ID=fb7c2a129af47f80c10156b86679555b32bc98cf3e1fe77ed2fa8723043c0501 notebook-executor-py313 python -m scripts.container_worker
2025-11-12 00:37:34,137 | WARNING | Docker returned 1. STDOUT/ERR tail:

Traceback (most recent call last):
  File "<frozen runpy>", line 198, in _run_module_as_main
  File "<frozen runpy>", line 88, in _run_code
  File "/executor/scripts/container_worker.py", line 25, in <module>
    from execution_core import execute_notebook_in_current_env
ModuleNotFoundError: No module named 'execution_core'

2025-11-12 00:37:34,138 | INFO | Executando via Docker: image=notebook-executor-py313 nb=data-analysis/freecodecamp-intro-to-pandas/1 - Pandas - Series.ipynb
2025-11-12 00:37:34,138 | INFO | docker run: docker run --rm -v /tmp/nbexec_23pk_af6/wewnumam__learn-ai:/workspace/repo:ro -v /tmp/nbexec_23pk_af6/wewnumam__learn-ai/_out/data-analysis__freecodecamp-intro-to-pandas__1 - Pandas - Series.ipynb:/workspace/out -e NOTEBOOK_REL_PATH=data-analysis/freecodecamp-intro-to-pandas/1 - Pandas - Series.ipynb -e TIMEOUT_SECONDS=300 -e PYTHON_VERSION_DECLARED=3.13 -e NOTEBOOK_ID=bc2fe5203c71eafe437c4be9f8bcc0a597ec49de634fce790321089ff9435fe7 notebook-executor-py313 python -m scripts.container_worker
2025-11-12 00:37:34,613 | WARNING | Docker returned 1. STDOUT/ERR tail:

Traceback (most recent call last):
  File "<frozen runpy>", line 198, in _run_module_as_main
  File "<frozen runpy>", line 88, in _run_code
  File "/executor/scripts/container_worker.py", line 25, in <module>
    from execution_core import execute_notebook_in_current_env
ModuleNotFoundError: No module named 'execution_core'

2025-11-12 00:37:34,615 | INFO | Executando via Docker: image=notebook-executor-py313 nb=data-analysis/freecodecamp-intro-to-pandas/2 - Pandas Series exercises.ipynb
2025-11-12 00:37:34,615 | INFO | docker run: docker run --rm -v /tmp/nbexec_23pk_af6/wewnumam__learn-ai:/workspace/repo:ro -v /tmp/nbexec_23pk_af6/wewnumam__learn-ai/_out/data-analysis__freecodecamp-intro-to-pandas__2 - Pandas Series exercises.ipynb:/workspace/out -e NOTEBOOK_REL_PATH=data-analysis/freecodecamp-intro-to-pandas/2 - Pandas Series exercises.ipynb -e TIMEOUT_SECONDS=300 -e PYTHON_VERSION_DECLARED=3.13 -e NOTEBOOK_ID=b4e5a597df960403067a9e96c4afdcc44409466d47a7a1f34c0e01ee36f91235 notebook-executor-py313 python -m scripts.container_worker
2025-11-12 00:37:35,085 | WARNING | Docker returned 1. STDOUT/ERR tail:

Traceback (most recent call last):
  File "<frozen runpy>", line 198, in _run_module_as_main
  File "<frozen runpy>", line 88, in _run_code
  File "/executor/scripts/container_worker.py", line 25, in <module>
    from execution_core import execute_notebook_in_current_env
ModuleNotFoundError: No module named 'execution_core'

2025-11-12 00:37:35,087 | INFO | Executando via Docker: image=notebook-executor-py313 nb=data-analysis/freecodecamp-intro-to-pandas/3 - Pandas - DataFrames.ipynb
2025-11-12 00:37:35,087 | INFO | docker run: docker run --rm -v /tmp/nbexec_23pk_af6/wewnumam__learn-ai:/workspace/repo:ro -v /tmp/nbexec_23pk_af6/wewnumam__learn-ai/_out/data-analysis__freecodecamp-intro-to-pandas__3 - Pandas - DataFrames.ipynb:/workspace/out -e NOTEBOOK_REL_PATH=data-analysis/freecodecamp-intro-to-pandas/3 - Pandas - DataFrames.ipynb -e TIMEOUT_SECONDS=300 -e PYTHON_VERSION_DECLARED=3.13 -e NOTEBOOK_ID=2a4d7f4eb0d345db0b141ec89440989b9958da7002b122981c91c668a681af73 notebook-executor-py313 python -m scripts.container_worker
2025-11-12 00:37:35,553 | WARNING | Docker returned 1. STDOUT/ERR tail:

Traceback (most recent call last):
  File "<frozen runpy>", line 198, in _run_module_as_main
  File "<frozen runpy>", line 88, in _run_code
  File "/executor/scripts/container_worker.py", line 25, in <module>
    from execution_core import execute_notebook_in_current_env
ModuleNotFoundError: No module named 'execution_core'

2025-11-12 00:37:35,554 | INFO | Executando via Docker: image=notebook-executor-py313 nb=data-analysis/freecodecamp-intro-to-pandas/4 - Pandas DataFrames exercises.ipynb
2025-11-12 00:37:35,554 | INFO | docker run: docker run --rm -v /tmp/nbexec_23pk_af6/wewnumam__learn-ai:/workspace/repo:ro -v /tmp/nbexec_23pk_af6/wewnumam__learn-ai/_out/data-analysis__freecodecamp-intro-to-pandas__4 - Pandas DataFrames exercises.ipynb:/workspace/out -e NOTEBOOK_REL_PATH=data-analysis/freecodecamp-intro-to-pandas/4 - Pandas DataFrames exercises.ipynb -e TIMEOUT_SECONDS=300 -e PYTHON_VERSION_DECLARED=3.13 -e NOTEBOOK_ID=415d8ebd1b64e8feaf4a774b21fe884fdb4b1e70c770ec4d1fc877ff08561daf notebook-executor-py313 python -m scripts.container_worker
2025-11-12 00:37:36,048 | WARNING | Docker returned 1. STDOUT/ERR tail:

Traceback (most recent call last):
  File "<frozen runpy>", line 198, in _run_module_as_main
  File "<frozen runpy>", line 88, in _run_code
  File "/executor/scripts/container_worker.py", line 25, in <module>
    from execution_core import execute_notebook_in_current_env
ModuleNotFoundError: No module named 'execution_core'

2025-11-12 00:37:36,049 | INFO | Executando via Docker: image=notebook-executor-py313 nb=data-analysis/freecodecamp-intro-to-pandas/5 - Pandas - Reading CSV and Basic Plotting.ipynb
2025-11-12 00:37:36,049 | INFO | docker run: docker run --rm -v /tmp/nbexec_23pk_af6/wewnumam__learn-ai:/workspace/repo:ro -v /tmp/nbexec_23pk_af6/wewnumam__learn-ai/_out/data-analysis__freecodecamp-intro-to-pandas__5 - Pandas - Reading CSV and Basic Plotting.ipynb:/workspace/out -e NOTEBOOK_REL_PATH=data-analysis/freecodecamp-intro-to-pandas/5 - Pandas - Reading CSV and Basic Plotting.ipynb -e TIMEOUT_SECONDS=300 -e PYTHON_VERSION_DECLARED=3.13 -e NOTEBOOK_ID=e5e6ce15f5a6a5528d6ed0483b1468c9f57a64e9c76cc80e5fffa524985b887c notebook-executor-py313 python -m scripts.container_worker
2025-11-12 00:37:36,526 | WARNING | Docker returned 1. STDOUT/ERR tail:

Traceback (most recent call last):
  File "<frozen runpy>", line 198, in _run_module_as_main
  File "<frozen runpy>", line 88, in _run_code
  File "/executor/scripts/container_worker.py", line 25, in <module>
    from execution_core import execute_notebook_in_current_env
ModuleNotFoundError: No module named 'execution_core'

2025-11-12 00:37:36,551 | INFO | Executando via Docker: image=notebook-executor-py313 nb=data-analysis/programming-with-mosh/HelloWorld.ipynb
2025-11-12 00:37:36,551 | INFO | docker run: docker run --rm -v /tmp/nbexec_23pk_af6/wewnumam__learn-ai:/workspace/repo:ro -v /tmp/nbexec_23pk_af6/wewnumam__learn-ai/_out/data-analysis__programming-with-mosh__HelloWorld.ipynb:/workspace/out -e NOTEBOOK_REL_PATH=data-analysis/programming-with-mosh/HelloWorld.ipynb -e TIMEOUT_SECONDS=300 -e PYTHON_VERSION_DECLARED=3.13 -e NOTEBOOK_ID=c08f6d4f7295a9c8225d9d298f61f7738c3c02b0ee3ea45a2499c8c1d70ce03b notebook-executor-py313 python -m scripts.container_worker
2025-11-12 00:37:37,040 | WARNING | Docker returned 1. STDOUT/ERR tail:

Traceback (most recent call last):
  File "<frozen runpy>", line 198, in _run_module_as_main
  File "<frozen runpy>", line 88, in _run_code
  File "/executor/scripts/container_worker.py", line 25, in <module>
    from execution_core import execute_notebook_in_current_env
ModuleNotFoundError: No module named 'execution_core'

2025-11-12 00:37:37,040 | INFO | Executando via Docker: image=notebook-executor-py313 nb=data-science/freecodecamp-intro-to-numpy/1. Introduction to Data Science.ipynb
2025-11-12 00:37:37,041 | INFO | docker run: docker run --rm -v /tmp/nbexec_23pk_af6/wewnumam__learn-ai:/workspace/repo:ro -v /tmp/nbexec_23pk_af6/wewnumam__learn-ai/_out/data-science__freecodecamp-intro-to-numpy__1. Introduction to Data Science.ipynb:/workspace/out -e NOTEBOOK_REL_PATH=data-science/freecodecamp-intro-to-numpy/1. Introduction to Data Science.ipynb -e TIMEOUT_SECONDS=300 -e PYTHON_VERSION_DECLARED=3.13 -e NOTEBOOK_ID=2f265f05414c75f1328687c31fd55d8da421470c91e6ae1c7cf920417d3e9196 notebook-executor-py313 python -m scripts.container_worker
2025-11-12 00:37:37,540 | WARNING | Docker returned 1. STDOUT/ERR tail:

Traceback (most recent call last):
  File "<frozen runpy>", line 198, in _run_module_as_main
  File "<frozen runpy>", line 88, in _run_code
  File "/executor/scripts/container_worker.py", line 25, in <module>
    from execution_core import execute_notebook_in_current_env
ModuleNotFoundError: No module named 'execution_core'

2025-11-12 00:37:37,541 | INFO | Executando via Docker: image=notebook-executor-py313 nb=data-science/freecodecamp-intro-to-numpy/2. NumPy.ipynb
2025-11-12 00:37:37,541 | INFO | docker run: docker run --rm -v /tmp/nbexec_23pk_af6/wewnumam__learn-ai:/workspace/repo:ro -v /tmp/nbexec_23pk_af6/wewnumam__learn-ai/_out/data-science__freecodecamp-intro-to-numpy__2. NumPy.ipynb:/workspace/out -e NOTEBOOK_REL_PATH=data-science/freecodecamp-intro-to-numpy/2. NumPy.ipynb -e TIMEOUT_SECONDS=300 -e PYTHON_VERSION_DECLARED=3.13 -e NOTEBOOK_ID=2858f9d33f294a2101304ba8ddd3579cd2f80b2951172ff9558b4a5d9fa51405 notebook-executor-py313 python -m scripts.container_worker
2025-11-12 00:37:38,030 | WARNING | Docker returned 1. STDOUT/ERR tail:

Traceback (most recent call last):
  File "<frozen runpy>", line 198, in _run_module_as_main
  File "<frozen runpy>", line 88, in _run_code
  File "/executor/scripts/container_worker.py", line 25, in <module>
    from execution_core import execute_notebook_in_current_env
ModuleNotFoundError: No module named 'execution_core'

2025-11-12 00:37:38,031 | INFO | Executando via Docker: image=notebook-executor-py313 nb=data-science/freecodecamp-intro-to-numpy/3. NumPy exercises.ipynb
2025-11-12 00:37:38,031 | INFO | docker run: docker run --rm -v /tmp/nbexec_23pk_af6/wewnumam__learn-ai:/workspace/repo:ro -v /tmp/nbexec_23pk_af6/wewnumam__learn-ai/_out/data-science__freecodecamp-intro-to-numpy__3. NumPy exercises.ipynb:/workspace/out -e NOTEBOOK_REL_PATH=data-science/freecodecamp-intro-to-numpy/3. NumPy exercises.ipynb -e TIMEOUT_SECONDS=300 -e PYTHON_VERSION_DECLARED=3.13 -e NOTEBOOK_ID=5a7650594104fca13d0d714f5807799e84970f7d903125e28eff973ebdbc1c12 notebook-executor-py313 python -m scripts.container_worker
2025-11-12 00:37:38,448 | WARNING | Docker returned 1. STDOUT/ERR tail:

Traceback (most recent call last):
  File "<frozen runpy>", line 198, in _run_module_as_main
  File "<frozen runpy>", line 88, in _run_code
  File "/executor/scripts/container_worker.py", line 25, in <module>
    from execution_core import execute_notebook_in_current_env
ModuleNotFoundError: No module named 'execution_core'

2025-11-12 00:37:38,451 | INFO | Executando via Docker: image=notebook-executor-py313 nb=data-science/freecodecamp-intro-to-numpy/Untitled.ipynb
2025-11-12 00:37:38,452 | INFO | docker run: docker run --rm -v /tmp/nbexec_23pk_af6/wewnumam__learn-ai:/workspace/repo:ro -v /tmp/nbexec_23pk_af6/wewnumam__learn-ai/_out/data-science__freecodecamp-intro-to-numpy__Untitled.ipynb:/workspace/out -e NOTEBOOK_REL_PATH=data-science/freecodecamp-intro-to-numpy/Untitled.ipynb -e TIMEOUT_SECONDS=300 -e PYTHON_VERSION_DECLARED=3.13 -e NOTEBOOK_ID=24d4e9827fa2276e4e0f622db05e7e997d61ca19a778a0e98f2e14e94ee26371 notebook-executor-py313 python -m scripts.container_worker
2025-11-12 00:37:38,945 | WARNING | Docker returned 1. STDOUT/ERR tail:

Traceback (most recent call last):
  File "<frozen runpy>", line 198, in _run_module_as_main
  File "<frozen runpy>", line 88, in _run_code
  File "/executor/scripts/container_worker.py", line 25, in <module>
    from execution_core import execute_notebook_in_current_env
ModuleNotFoundError: No module named 'execution_core'

2025-11-12 00:37:38,949 | INFO | Executando via Docker: image=notebook-executor-py313 nb=machine-learning/decision-tree-classifier/MusicGenreClassifier.ipynb
2025-11-12 00:37:38,949 | INFO | docker run: docker run --rm -v /tmp/nbexec_23pk_af6/wewnumam__learn-ai:/workspace/repo:ro -v /tmp/nbexec_23pk_af6/wewnumam__learn-ai/_out/machine-learning__decision-tree-classifier__MusicGenreClassifier.ipynb:/workspace/out -e NOTEBOOK_REL_PATH=machine-learning/decision-tree-classifier/MusicGenreClassifier.ipynb -e TIMEOUT_SECONDS=300 -e PYTHON_VERSION_DECLARED=3.13 -e NOTEBOOK_ID=9a72d4b0ff503a4548aa3a128e4957eded8c5971d9a184683789c34edd8d5482 notebook-executor-py313 python -m scripts.container_worker
2025-11-12 00:37:39,417 | WARNING | Docker returned 1. STDOUT/ERR tail:

Traceback (most recent call last):
  File "<frozen runpy>", line 198, in _run_module_as_main
  File "<frozen runpy>", line 88, in _run_code
  File "/executor/scripts/container_worker.py", line 25, in <module>
    from execution_core import execute_notebook_in_current_env
ModuleNotFoundError: No module named 'execution_core'

2025-11-12 00:37:39,420 | INFO | Executando via Docker: image=notebook-executor-py313 nb=machine-learning/decision-tree-classifier/PresistingModel.ipynb
2025-11-12 00:37:39,420 | INFO | docker run: docker run --rm -v /tmp/nbexec_23pk_af6/wewnumam__learn-ai:/workspace/repo:ro -v /tmp/nbexec_23pk_af6/wewnumam__learn-ai/_out/machine-learning__decision-tree-classifier__PresistingModel.ipynb:/workspace/out -e NOTEBOOK_REL_PATH=machine-learning/decision-tree-classifier/PresistingModel.ipynb -e TIMEOUT_SECONDS=300 -e PYTHON_VERSION_DECLARED=3.13 -e NOTEBOOK_ID=becfe407b02fcdaa75a18aad5d90699def023b2fcc133e4900be03e443f0bfb9 notebook-executor-py313 python -m scripts.container_worker
2025-11-12 00:37:39,906 | WARNING | Docker returned 1. STDOUT/ERR tail:

Traceback (most recent call last):
  File "<frozen runpy>", line 198, in _run_module_as_main
  File "<frozen runpy>", line 88, in _run_code
  File "/executor/scripts/container_worker.py", line 25, in <module>
    from execution_core import execute_notebook_in_current_env
ModuleNotFoundError: No module named 'execution_core'

2025-11-12 00:37:39,970 | INFO | Executando via Docker: image=notebook-executor nb=mka-ugm/ace/summary/Summarizer.ipynb
2025-11-12 00:37:39,970 | INFO | docker run: docker run --rm -v /tmp/nbexec_23pk_af6/wewnumam__learn-ai:/workspace/repo:ro -v /tmp/nbexec_23pk_af6/wewnumam__learn-ai/_out/mka-ugm__ace__summary__Summarizer.ipynb:/workspace/out -e NOTEBOOK_REL_PATH=mka-ugm/ace/summary/Summarizer.ipynb -e TIMEOUT_SECONDS=300 -e PYTHON_VERSION_DECLARED= -e NOTEBOOK_ID=aa94d220b7d39f342b8835e43cbb1039c7fefc988db4011a7ba536c2a2056503 notebook-executor python -m scripts.container_worker
2025-11-12 00:37:40,476 | WARNING | Docker returned 1. STDOUT/ERR tail:

Traceback (most recent call last):
  File "/usr/local/lib/python3.10/runpy.py", line 196, in _run_module_as_main
    return _run_code(code, main_globals, None,
  File "/usr/local/lib/python3.10/runpy.py", line 86, in _run_code
    exec(code, run_globals)
  File "/opt/pipeline/scripts/container_worker.py", line 25, in <module>
    from execution_core import execute_notebook_in_current_env
ModuleNotFoundError: No module named 'execution_core'

2025-11-12 00:37:40,572 | INFO | Executando via Docker: image=notebook-executor nb=mka-ugm/pma/Tugas_1_Exploratory_Data_Analysis.ipynb
2025-11-12 00:37:40,573 | INFO | docker run: docker run --rm -v /tmp/nbexec_23pk_af6/wewnumam__learn-ai:/workspace/repo:ro -v /tmp/nbexec_23pk_af6/wewnumam__learn-ai/_out/mka-ugm__pma__Tugas_1_Exploratory_Data_Analysis.ipynb:/workspace/out -e NOTEBOOK_REL_PATH=mka-ugm/pma/Tugas_1_Exploratory_Data_Analysis.ipynb -e TIMEOUT_SECONDS=300 -e PYTHON_VERSION_DECLARED= -e NOTEBOOK_ID=bb642fb641415bdb4da4192112567696b410a2bfc3ac3f9f1e079b22183e1ddb notebook-executor python -m scripts.container_worker
2025-11-12 00:37:41,112 | WARNING | Docker returned 1. STDOUT/ERR tail:

Traceback (most recent call last):
  File "/usr/local/lib/python3.10/runpy.py", line 196, in _run_module_as_main
    return _run_code(code, main_globals, None,
  File "/usr/local/lib/python3.10/runpy.py", line 86, in _run_code
    exec(code, run_globals)
  File "/opt/pipeline/scripts/container_worker.py", line 25, in <module>
    from execution_core import execute_notebook_in_current_env
ModuleNotFoundError: No module named 'execution_core'

/home/asu/reproducibility_of_jupyter_notebooks-1/.venv-for-project/lib/python3.13/site-packages/nbformat/__init__.py:96: MissingIDFieldWarning: Cell is missing an id field, this will become a hard error in future nbformat versions. You may want to use `normalize()` on your notebooks before validations (available since nbformat 5.1.4). Previous versions of nbformat are fixing this issue transparently, and will stop doing so in the future.
  validate(nb)
2025-11-12 00:37:41,123 | INFO | Executando via Docker: image=notebook-executor-py313 nb=mka-ugm/stmh/Analysis_of_Algorithms.ipynb
2025-11-12 00:37:41,123 | INFO | docker run: docker run --rm -v /tmp/nbexec_23pk_af6/wewnumam__learn-ai:/workspace/repo:ro -v /tmp/nbexec_23pk_af6/wewnumam__learn-ai/_out/mka-ugm__stmh__Analysis_of_Algorithms.ipynb:/workspace/out -e NOTEBOOK_REL_PATH=mka-ugm/stmh/Analysis_of_Algorithms.ipynb -e TIMEOUT_SECONDS=300 -e PYTHON_VERSION_DECLARED=3.13 -e NOTEBOOK_ID=9753aac533759c40772a38c4ee3a9e849cdb2ef3980de12ef96a4244674e5663 notebook-executor-py313 python -m scripts.container_worker
2025-11-12 00:37:41,616 | WARNING | Docker returned 1. STDOUT/ERR tail:

Traceback (most recent call last):
  File "<frozen runpy>", line 198, in _run_module_as_main
  File "<frozen runpy>", line 88, in _run_code
  File "/executor/scripts/container_worker.py", line 25, in <module>
    from execution_core import execute_notebook_in_current_env
ModuleNotFoundError: No module named 'execution_core'

/home/asu/reproducibility_of_jupyter_notebooks-1/.venv-for-project/lib/python3.13/site-packages/nbformat/__init__.py:96: MissingIDFieldWarning: Cell is missing an id field, this will become a hard error in future nbformat versions. You may want to use `normalize()` on your notebooks before validations (available since nbformat 5.1.4). Previous versions of nbformat are fixing this issue transparently, and will stop doing so in the future.
  validate(nb)
2025-11-12 00:37:41,621 | INFO | Executando via Docker: image=notebook-executor-py313 nb=mka-ugm/stmh/Analysis_of_Algorithms_Enhanced.ipynb
2025-11-12 00:37:41,621 | INFO | docker run: docker run --rm -v /tmp/nbexec_23pk_af6/wewnumam__learn-ai:/workspace/repo:ro -v /tmp/nbexec_23pk_af6/wewnumam__learn-ai/_out/mka-ugm__stmh__Analysis_of_Algorithms_Enhanced.ipynb:/workspace/out -e NOTEBOOK_REL_PATH=mka-ugm/stmh/Analysis_of_Algorithms_Enhanced.ipynb -e TIMEOUT_SECONDS=300 -e PYTHON_VERSION_DECLARED=3.13 -e NOTEBOOK_ID=57fa626092a7d919a3a82d4acb3e35c7163a581058361bc8a3d0992f14267acf notebook-executor-py313 python -m scripts.container_worker
2025-11-12 00:37:42,093 | WARNING | Docker returned 1. STDOUT/ERR tail:

Traceback (most recent call last):
  File "<frozen runpy>", line 198, in _run_module_as_main
  File "<frozen runpy>", line 88, in _run_code
  File "/executor/scripts/container_worker.py", line 25, in <module>
    from execution_core import execute_notebook_in_current_env
ModuleNotFoundError: No module named 'execution_core'

2025-11-12 00:37:42,095 | INFO | Executando via Docker: image=notebook-executor-py313 nb=mka-ugm/stmh/FeatureSelectionGA.ipynb
2025-11-12 00:37:42,095 | INFO | docker run: docker run --rm -v /tmp/nbexec_23pk_af6/wewnumam__learn-ai:/workspace/repo:ro -v /tmp/nbexec_23pk_af6/wewnumam__learn-ai/_out/mka-ugm__stmh__FeatureSelectionGA.ipynb:/workspace/out -e NOTEBOOK_REL_PATH=mka-ugm/stmh/FeatureSelectionGA.ipynb -e TIMEOUT_SECONDS=300 -e PYTHON_VERSION_DECLARED=3.13 -e NOTEBOOK_ID=91c0afbec4ee0321728abfb490cbb5e1b950af359bb20cfc57d843939ffbb200 notebook-executor-py313 python -m scripts.container_worker
2025-11-12 00:37:42,549 | WARNING | Docker returned 1. STDOUT/ERR tail:

Traceback (most recent call last):
  File "<frozen runpy>", line 198, in _run_module_as_main
  File "<frozen runpy>", line 88, in _run_code
  File "/executor/scripts/container_worker.py", line 25, in <module>
    from execution_core import execute_notebook_in_current_env
ModuleNotFoundError: No module named 'execution_core'

2025-11-12 00:37:42,553 | INFO | Executando via Docker: image=notebook-executor-py313 nb=mka-ugm/stmh/GeneticAlgorithm.ipynb
2025-11-12 00:37:42,553 | INFO | docker run: docker run --rm -v /tmp/nbexec_23pk_af6/wewnumam__learn-ai:/workspace/repo:ro -v /tmp/nbexec_23pk_af6/wewnumam__learn-ai/_out/mka-ugm__stmh__GeneticAlgorithm.ipynb:/workspace/out -e NOTEBOOK_REL_PATH=mka-ugm/stmh/GeneticAlgorithm.ipynb -e TIMEOUT_SECONDS=300 -e PYTHON_VERSION_DECLARED=3.13 -e NOTEBOOK_ID=6c6014b6d0af72ea41093534b5c5df3cca8422ae9e241709ee6a49e62663b0c4 notebook-executor-py313 python -m scripts.container_worker
2025-11-12 00:37:43,014 | WARNING | Docker returned 1. STDOUT/ERR tail:

Traceback (most recent call last):
  File "<frozen runpy>", line 198, in _run_module_as_main
  File "<frozen runpy>", line 88, in _run_code
  File "/executor/scripts/container_worker.py", line 25, in <module>
    from execution_core import execute_notebook_in_current_env
ModuleNotFoundError: No module named 'execution_core'

2025-11-12 00:37:43,016 | INFO | Executando via Docker: image=notebook-executor-py313 nb=mka-ugm/stmh/Quiz.ipynb
2025-11-12 00:37:43,016 | INFO | docker run: docker run --rm -v /tmp/nbexec_23pk_af6/wewnumam__learn-ai:/workspace/repo:ro -v /tmp/nbexec_23pk_af6/wewnumam__learn-ai/_out/mka-ugm__stmh__Quiz.ipynb:/workspace/out -e NOTEBOOK_REL_PATH=mka-ugm/stmh/Quiz.ipynb -e TIMEOUT_SECONDS=300 -e PYTHON_VERSION_DECLARED=3.13 -e NOTEBOOK_ID=d43509acb374901552d7384fa55bf29f5ac2a60d99ccf8934def0d630ac5f798 notebook-executor-py313 python -m scripts.container_worker
2025-11-12 00:37:43,492 | WARNING | Docker returned 1. STDOUT/ERR tail:

Traceback (most recent call last):
  File "<frozen runpy>", line 198, in _run_module_as_main
  File "<frozen runpy>", line 88, in _run_code
  File "/executor/scripts/container_worker.py", line 25, in <module>
    from execution_core import execute_notebook_in_current_env
ModuleNotFoundError: No module named 'execution_core'

2025-11-12 00:37:43,496 | INFO | Executando via Docker: image=notebook-executor-py313 nb=projects/data-analysis-with-python-projects/demographic-data-analysis/Untitled.ipynb
2025-11-12 00:37:43,496 | INFO | docker run: docker run --rm -v /tmp/nbexec_23pk_af6/wewnumam__learn-ai:/workspace/repo:ro -v /tmp/nbexec_23pk_af6/wewnumam__learn-ai/_out/projects__data-analysis-with-python-projects__demographic-data-analysis__Untitled.ipynb:/workspace/out -e NOTEBOOK_REL_PATH=projects/data-analysis-with-python-projects/demographic-data-analysis/Untitled.ipynb -e TIMEOUT_SECONDS=300 -e PYTHON_VERSION_DECLARED=3.13 -e NOTEBOOK_ID=541a16f5eb0f2b6d438e62aaa5a6c67400e709d757e8bf4859fe7dbb688cbdf4 notebook-executor-py313 python -m scripts.container_worker
2025-11-12 00:37:43,965 | WARNING | Docker returned 1. STDOUT/ERR tail:

Traceback (most recent call last):
  File "<frozen runpy>", line 198, in _run_module_as_main
  File "<frozen runpy>", line 88, in _run_code
  File "/executor/scripts/container_worker.py", line 25, in <module>
    from execution_core import execute_notebook_in_current_env
ModuleNotFoundError: No module named 'execution_core'

2025-11-12 00:37:43,969 | INFO | Executando via Docker: image=notebook-executor-py313 nb=projects/data-analysis-with-python-projects/medical-data-visualizer/Untitled.ipynb
2025-11-12 00:37:43,969 | INFO | docker run: docker run --rm -v /tmp/nbexec_23pk_af6/wewnumam__learn-ai:/workspace/repo:ro -v /tmp/nbexec_23pk_af6/wewnumam__learn-ai/_out/projects__data-analysis-with-python-projects__medical-data-visualizer__Untitled.ipynb:/workspace/out -e NOTEBOOK_REL_PATH=projects/data-analysis-with-python-projects/medical-data-visualizer/Untitled.ipynb -e TIMEOUT_SECONDS=300 -e PYTHON_VERSION_DECLARED=3.13 -e NOTEBOOK_ID=c6144e14aa7154ba913b5260f08376fb63251e12b754d77cd5d7cbe64c365c95 notebook-executor-py313 python -m scripts.container_worker
n -m scripts.container_worker
2025-11-12 00:37:43,997 | INFO | Limpeza do workspace temporário concluída.
