# Notebooks (linhas): 400
nb_ok_parse=True: 395 (98.8%)
language=python: 395 (98.8%)
deps_any=True (alguma especificação simples de deps): 166 (41.5%)
repo_has_env_spec=True (qualquer spec reconhecida): 284 (71.0%)
nb_has_unambiguous_exec_order=True: 374 (93.5%)
repo_has_requirements_txt: 166 (41.5%)
repo_has_setup_py: 20 (5.0%)
repo_has_pipfile: 0 (0.0%)
repo_has_environment_yml: 1 (0.2%)
repo_has_lockfile: 209 (52.2%)
n_code: median=11, mean=19.34
n_markdown: median=2, mean=10.59
%code executed: median=94.4, mean=80.0
Top imports (agregado): [('numpy', 104), ('pandas', 98), ('matplotlib', 94), ('sklearn', 74), ('seaborn', 49), ('os', 31), ('torch', 25), ('re', 17), ('scipy', 14), ('warnings', 14)]

Join report:
  matched via notebook_id: 157
  recovered via fallback:  0
  left_only (collection only): 243
  right_only remaining (execution only): 0
Master merged CSV written: data/outputs/master_notebooks_merged.csv (157 rows)
# Execuções: 157  |  sucesso: 4 (2.5%)
Erros mais comuns: [('other', 136), ('file_not_found', 17)]
elapsed_s (todos): median=1.42s, mean=1.82s
elapsed_s (sucesso): median=3.94s, mean=3.80s
elapsed_s (falha): median=1.42s, mean=1.76s
Repos com mais falhas: [('As17-01/brain_signals', 111), ('wewnumam/learn-ai', 38), ('jasonkneen/smolagents', 3), ('1drie5/py-playground', 1)]
Notebooks com falha (top): [('wewnumam/learn-ai/data-analysis/FreeCodeCamp-Pandas-Real-Life-Example/Exercises_1.ipynb', 1), ('wewnumam/learn-ai/data-analysis/FreeCodeCamp-Pandas-Real-Life-Example/Exercises_2.ipynb', 1), ('wewnumam/learn-ai/data-analysis/FreeCodeCamp-Pandas-Real-Life-Example/Lecture_1.ipynb', 1), ('wewnumam/learn-ai/data-analysis/FreeCodeCamp-Pandas-Real-Life-Example/Lecture_2.ipynb', 1), ('wewnumam/learn-ai/data-analysis/RDP-Reading-Data-with-Python-and-Pandas/unit-1-reading-data-with-python-and-pandas/lesson-1-reading-csv-and-txt-files/files/Lecture.ipynb', 1), ('wewnumam/learn-ai/data-analysis/RDP-Reading-Data-with-Python-and-Pandas/unit-1-reading-data-with-python-and-pandas/lesson-11-reading-data-from-relational-databases/files/Lecture.ipynb', 1), ('wewnumam/learn-ai/data-analysis/RDP-Reading-Data-with-Python-and-Pandas/unit-1-reading-data-with-python-and-pandas/lesson-15-fetching-data-from-a-rest-api/files/Lecture.ipynb', 1), ('wewnumam/learn-ai/data-analysis/RDP-Reading-Data-with-Python-and-Pandas/unit-1-reading-data-with-python-and-pandas/lesson-17-reading-html-tables/files/Lecture.ipynb', 1), ('wewnumam/learn-ai/data-analysis/RDP-Reading-Data-with-Python-and-Pandas/unit-1-reading-data-with-python-and-pandas/lesson-19-complementary-file-types-and-io-tools/files/Lecture.ipynb', 1), ('wewnumam/learn-ai/data-analysis/RDP-Reading-Data-with-Python-and-Pandas/unit-1-reading-data-with-python-and-pandas/lesson-5-reading-excel-files/files/Lecture.ipynb', 1)]
originais encontrados: 144 (91.7%)
outputs iguais (todas execuções): 0 (0.0%)
outputs iguais (entre sucessos): 0 (0.0%)
Exemplos de divergência (até 10):
 - 1drie5/py-playground/pytorch-campusx/2_tensors_in_pytorch.ipynb orig=da21b9c0 exec=d2c3b504 n_orig=76 n_exec=76
 - 1drie5/py-playground/pytorch-campusx/4_pytorch_training_pipeline.ipynb orig=7a5bdcf9 exec=c97a7998 n_orig=16 n_exec=16
 - 1drie5/py-playground/pytorch-campusx/5_pytorch_nn_module.ipynb orig=ac8dd6ca exec=84ffa7cf n_orig=13 n_exec=17
n_outputs_orig: median=22, mean=47.2
n_outputs_exec: median=0, mean=0.7
Reprodutibilidade (entre originais): 0.0% (0/144)
Reprodutibilidade (entre originais + exec_ok): 0.0% (0/3)

============================================================
SANITY CHECK: Reprodutibilidade Básica (não resultados finais)
============================================================
NOTA: Análises detalhadas de RQ1/RQ2/RQ3 devem ser feitas no pipeline_master.ipynb

Ordem de grandeza (sanity check):
  - Originais encontrados: 144 (91.7%)
  - Outputs iguais (entre originais): 0 (0.0%)
  - Outputs iguais (originais + exec_ok): 0 (0.0%)

  (Valores finais para o paper devem ser calculados no pipeline_master.ipynb)
