2025-11-14 18:42:32,847 | INFO | == Iniciando executor de notebooks (headless + timeout real) ==
2025-11-14 18:42:32,847 | INFO | Parâmetros: input=/home/asu/reproducibility_of_jupyter_notebooks-1/data/outputs/collection.csv output=/home/asu/reproducibility_of_jupyter_notebooks-1/data/outputs/execution_results.csv policy=strict timeout=300s limit=None originals_dir=/home/asu/reproducibility_of_jupyter_notebooks-1/data/outputs/notebooks_originais full_repos_dir=/home/asu/reproducibility_of_jupyter_notebooks-1/data/outputs/repositorios_completos
2025-11-14 18:42:32,848 | INFO | 🔍 Analisando versões Python nos notebooks...
2025-11-14 18:42:32,855 | INFO | 📊 Versões Python encontradas: {'3.13': 32, '3.6': 15, 'unknown': 44, '3.12': 36, '3.10': 132, '3.9': 34, '3.8': 23, '3.11': 48, '3.7': 27, '3.14': 1, '3.5': 3}
2025-11-14 18:42:32,855 | INFO | 🎯 Versão mais comum: Python 3.10
2025-11-14 18:42:32,855 | INFO | 🐳 Imagem Docker sugerida: notebook-executor
2025-11-14 18:42:32,855 | INFO | 💡 Para usar a versão correta, execute:
2025-11-14 18:42:32,855 | INFO |    docker build -t notebook-executor -f Dockerfile.python310 .
2025-11-14 18:42:32,856 | INFO | Workspace temporário: /tmp/nbexec_uui_ar_n
2025-11-14 18:42:33,290 | INFO | Usando repositório completo: /home/asu/reproducibility_of_jupyter_notebooks-1/data/outputs/repositorios_completos/wewnumam/learn-ai/8ab772e1ed75123431f37ef9483e6c15dba4d264
2025-11-14 18:42:33,516 | INFO | Executando via Docker: image=notebook-executor-py313 nb=data-analysis/FreeCodeCamp-Pandas-Real-Life-Example/Exercises_1.ipynb
2025-11-14 18:42:33,520 | INFO | docker run: docker run --rm -v /home/asu/reproducibility_of_jupyter_notebooks-1/data/outputs/repositorios_completos/wewnumam/learn-ai/8ab772e1ed75123431f37ef9483e6c15dba4d264:/workspace/repo:ro -v /home/asu/reproducibility_of_jupyter_notebooks-1/data/outputs/repositorios_completos/wewnumam/learn-ai/8ab772e1ed75123431f37ef9483e6c15dba4d264/_out/data-analysis__FreeCodeCamp-Pandas-Real-Life-Example__Exercises_1.ipynb:/workspace/out -e NOTEBOOK_REL_PATH=data-analysis/FreeCodeCamp-Pandas-Real-Life-Example/Exercises_1.ipynb -e TIMEOUT_SECONDS=300 -e PYTHON_VERSION_DECLARED=3.13 -e POLICY=strict -e NOTEBOOK_ID=c2e53f77127f68dd7cb996540e06a7bfa63d1b63cc2fa697c00f311cf42dd2d6 -e RUN_ID=1763156553516-c2e53f77127f68dd7cb996540e06a7bf notebook-executor-py313 python -m scripts.container_worker
2025-11-14 18:42:39,557 | WARNING | Docker returned 1. STDOUT/ERR tail:

2025-11-14 21:42:35,496 | INFO | Executing notebook: data-analysis/FreeCodeCamp-Pandas-Real-Life-Example/Exercises_1.ipynb
2025-11-14 21:42:35,497 | INFO | Timeout: 300s, Run ID: 1763156553516-c2e53f77127f68dd7cb996540e06a7bf
2025-11-14 21:42:36,678 | INFO | Executing notebook with kernel: python3
2025-11-14 21:42:38,916 | INFO | Result written to /workspace/out/result.json

2025-11-14 18:42:39,568 | INFO | Usando repositório completo: /home/asu/reproducibility_of_jupyter_notebooks-1/data/outputs/repositorios_completos/wewnumam/learn-ai/8ab772e1ed75123431f37ef9483e6c15dba4d264
2025-11-14 18:42:39,569 | INFO | Executando via Docker: image=notebook-executor-py313 nb=data-analysis/FreeCodeCamp-Pandas-Real-Life-Example/Exercises_2.ipynb
2025-11-14 18:42:39,570 | INFO | docker run: docker run --rm -v /home/asu/reproducibility_of_jupyter_notebooks-1/data/outputs/repositorios_completos/wewnumam/learn-ai/8ab772e1ed75123431f37ef9483e6c15dba4d264:/workspace/repo:ro -v /home/asu/reproducibility_of_jupyter_notebooks-1/data/outputs/repositorios_completos/wewnumam/learn-ai/8ab772e1ed75123431f37ef9483e6c15dba4d264/_out/data-analysis__FreeCodeCamp-Pandas-Real-Life-Example__Exercises_2.ipynb:/workspace/out -e NOTEBOOK_REL_PATH=data-analysis/FreeCodeCamp-Pandas-Real-Life-Example/Exercises_2.ipynb -e TIMEOUT_SECONDS=300 -e PYTHON_VERSION_DECLARED=3.13 -e POLICY=strict -e NOTEBOOK_ID=d97db5d1574e42f3c2700c5f9fae8c9e5858a5b4a8ec6810b0e9fea3a50a9a7f -e RUN_ID=1763156559569-d97db5d1574e42f3c2700c5f9fae8c9e notebook-executor-py313 python -m scripts.container_worker
2025-11-14 18:42:43,479 | WARNING | Docker returned 1. STDOUT/ERR tail:

2025-11-14 21:42:40,871 | INFO | Executing notebook: data-analysis/FreeCodeCamp-Pandas-Real-Life-Example/Exercises_2.ipynb
2025-11-14 21:42:40,871 | INFO | Timeout: 300s, Run ID: 1763156559569-d97db5d1574e42f3c2700c5f9fae8c9e
2025-11-14 21:42:41,643 | INFO | Executing notebook with kernel: python3
2025-11-14 21:42:42,930 | INFO | Result written to /workspace/out/result.json

2025-11-14 18:42:43,494 | INFO | Usando repositório completo: /home/asu/reproducibility_of_jupyter_notebooks-1/data/outputs/repositorios_completos/wewnumam/learn-ai/8ab772e1ed75123431f37ef9483e6c15dba4d264
2025-11-14 18:42:43,494 | INFO | Executando via Docker: image=notebook-executor-py313 nb=data-analysis/FreeCodeCamp-Pandas-Real-Life-Example/Lecture_1.ipynb
2025-11-14 18:42:43,495 | INFO | docker run: docker run --rm -v /home/asu/reproducibility_of_jupyter_notebooks-1/data/outputs/repositorios_completos/wewnumam/learn-ai/8ab772e1ed75123431f37ef9483e6c15dba4d264:/workspace/repo:ro -v /home/asu/reproducibility_of_jupyter_notebooks-1/data/outputs/repositorios_completos/wewnumam/learn-ai/8ab772e1ed75123431f37ef9483e6c15dba4d264/_out/data-analysis__FreeCodeCamp-Pandas-Real-Life-Example__Lecture_1.ipynb:/workspace/out -e NOTEBOOK_REL_PATH=data-analysis/FreeCodeCamp-Pandas-Real-Life-Example/Lecture_1.ipynb -e TIMEOUT_SECONDS=300 -e PYTHON_VERSION_DECLARED=3.13 -e POLICY=strict -e NOTEBOOK_ID=931de126d369b599ed4f430b7c00ff9973990ffee7777a99daf51daa70586392 -e RUN_ID=1763156563494-931de126d369b599ed4f430b7c00ff99 notebook-executor-py313 python -m scripts.container_worker
2025-11-14 18:42:47,654 | WARNING | Docker returned 1. STDOUT/ERR tail:

2025-11-14 21:42:44,786 | INFO | Executing notebook: data-analysis/FreeCodeCamp-Pandas-Real-Life-Example/Lecture_1.ipynb
2025-11-14 21:42:44,786 | INFO | Timeout: 300s, Run ID: 1763156563494-931de126d369b599ed4f430b7c00ff99
2025-11-14 21:42:45,766 | INFO | Executing notebook with kernel: python3
2025-11-14 21:42:47,004 | INFO | Result written to /workspace/out/result.json

2025-11-14 18:42:47,674 | INFO | Usando repositório completo: /home/asu/reproducibility_of_jupyter_notebooks-1/data/outputs/repositorios_completos/wewnumam/learn-ai/8ab772e1ed75123431f37ef9483e6c15dba4d264
2025-11-14 18:42:47,674 | INFO | Executando via Docker: image=notebook-executor-py313 nb=data-analysis/FreeCodeCamp-Pandas-Real-Life-Example/Lecture_2.ipynb
2025-11-14 18:42:47,675 | INFO | docker run: docker run --rm -v /home/asu/reproducibility_of_jupyter_notebooks-1/data/outputs/repositorios_completos/wewnumam/learn-ai/8ab772e1ed75123431f37ef9483e6c15dba4d264:/workspace/repo:ro -v /home/asu/reproducibility_of_jupyter_notebooks-1/data/outputs/repositorios_completos/wewnumam/learn-ai/8ab772e1ed75123431f37ef9483e6c15dba4d264/_out/data-analysis__FreeCodeCamp-Pandas-Real-Life-Example__Lecture_2.ipynb:/workspace/out -e NOTEBOOK_REL_PATH=data-analysis/FreeCodeCamp-Pandas-Real-Life-Example/Lecture_2.ipynb -e TIMEOUT_SECONDS=300 -e PYTHON_VERSION_DECLARED=3.13 -e POLICY=strict -e NOTEBOOK_ID=7707961d01863dfa29aded1f2a9291575746cfd0ffc12753383f619b11166303 -e RUN_ID=1763156567674-7707961d01863dfa29aded1f2a929157 notebook-executor-py313 python -m scripts.container_worker
2025-11-14 18:42:51,750 | WARNING | Docker returned 1. STDOUT/ERR tail:

2025-11-14 21:42:49,061 | INFO | Executing notebook: data-analysis/FreeCodeCamp-Pandas-Real-Life-Example/Lecture_2.ipynb
2025-11-14 21:42:49,061 | INFO | Timeout: 300s, Run ID: 1763156567674-7707961d01863dfa29aded1f2a929157
2025-11-14 21:42:49,895 | INFO | Executing notebook with kernel: python3
2025-11-14 21:42:51,129 | INFO | Result written to /workspace/out/result.json

2025-11-14 18:42:51,790 | INFO | Usando repositório completo: /home/asu/reproducibility_of_jupyter_notebooks-1/data/outputs/repositorios_completos/wewnumam/learn-ai/8ab772e1ed75123431f37ef9483e6c15dba4d264
2025-11-14 18:42:51,880 | INFO | Executando via Docker: image=notebook-executor-py36 nb=data-analysis/RDP-Reading-Data-with-Python-and-Pandas/unit-1-reading-data-with-python-and-pandas/lesson-1-reading-csv-and-txt-files/files/Lecture.ipynb
2025-11-14 18:42:51,881 | INFO | docker run: docker run --rm -v /home/asu/reproducibility_of_jupyter_notebooks-1/data/outputs/repositorios_completos/wewnumam/learn-ai/8ab772e1ed75123431f37ef9483e6c15dba4d264:/workspace/repo:ro -v /home/asu/reproducibility_of_jupyter_notebooks-1/data/outputs/repositorios_completos/wewnumam/learn-ai/8ab772e1ed75123431f37ef9483e6c15dba4d264/_out/data-analysis__RDP-Reading-Data-with-Python-and-Pandas__unit-1-reading-data-with-python-and-pandas__lesson-1-reading-csv-and-txt-files__files__Lecture.ipynb:/workspace/out -e NOTEBOOK_REL_PATH=data-analysis/RDP-Reading-Data-with-Python-and-Pandas/unit-1-reading-data-with-python-and-pandas/lesson-1-reading-csv-and-txt-files/files/Lecture.ipynb -e TIMEOUT_SECONDS=300 -e PYTHON_VERSION_DECLARED=3.6 -e POLICY=strict -e NOTEBOOK_ID=da43bbd214c4f8acd75fb7b713ecc219b3232971f8589d7058f57bd1cd7074cc -e RUN_ID=1763156571880-da43bbd214c4f8acd75fb7b713ecc219 notebook-executor-py36 python -m scripts.container_worker
2025-11-14 18:42:54,400 | WARNING | Docker returned 1. STDOUT/ERR tail:

2025-11-14 21:42:52,712 | INFO | Executing notebook: data-analysis/RDP-Reading-Data-with-Python-and-Pandas/unit-1-reading-data-with-python-and-pandas/lesson-1-reading-csv-and-txt-files/files/Lecture.ipynb
2025-11-14 21:42:52,712 | INFO | Timeout: 300s, Run ID: 1763156571880-da43bbd214c4f8acd75fb7b713ecc219
2025-11-14 21:42:53,782 | INFO | Executing notebook with kernel: python3
2025-11-14 21:42:54,041 | INFO | ModuleNotFoundError detected: pandas. Attempting to install...
2025-11-14 21:42:54,042 | WARNING | Error installing pandas: __init__() got an unexpected keyword argument 'text'
2025-11-14 21:42:54,042 | WARNING | Failed to install pandas. Stopping retry.
2025-11-14 21:42:54,042 | INFO | Result written to /workspace/out/result.json

2025-11-14 18:42:54,409 | INFO | Usando repositório completo: /home/asu/reproducibility_of_jupyter_notebooks-1/data/outputs/repositorios_completos/wewnumam/learn-ai/8ab772e1ed75123431f37ef9483e6c15dba4d264
2025-11-14 18:42:54,409 | INFO | Executando via Docker: image=notebook-executor-py36 nb=data-analysis/RDP-Reading-Data-with-Python-and-Pandas/unit-1-reading-data-with-python-and-pandas/lesson-11-reading-data-from-relational-databases/files/Lecture.ipynb
2025-11-14 18:42:54,411 | INFO | docker run: docker run --rm -v /home/asu/reproducibility_of_jupyter_notebooks-1/data/outputs/repositorios_completos/wewnumam/learn-ai/8ab772e1ed75123431f37ef9483e6c15dba4d264:/workspace/repo:ro -v /home/asu/reproducibility_of_jupyter_notebooks-1/data/outputs/repositorios_completos/wewnumam/learn-ai/8ab772e1ed75123431f37ef9483e6c15dba4d264/_out/data-analysis__RDP-Reading-Data-with-Python-and-Pandas__unit-1-reading-data-with-python-and-pandas__lesson-11-reading-data-from-relational-databases__files__Lecture.ipynb:/workspace/out -e NOTEBOOK_REL_PATH=data-analysis/RDP-Reading-Data-with-Python-and-Pandas/unit-1-reading-data-with-python-and-pandas/lesson-11-reading-data-from-relational-databases/files/Lecture.ipynb -e TIMEOUT_SECONDS=300 -e PYTHON_VERSION_DECLARED=3.6 -e POLICY=strict -e NOTEBOOK_ID=ce1f0f4876ea82818df6638f3e3554aa22fbfc48a8a238f86e3d4f01b29252ce -e RUN_ID=1763156574409-ce1f0f4876ea82818df6638f3e3554aa notebook-executor-py36 python -m scripts.container_worker
2025-11-14 18:43:00,554 | WARNING | Docker returned 1. STDOUT/ERR tail:

2025-11-14 21:42:54,952 | INFO | Executing notebook: data-analysis/RDP-Reading-Data-with-Python-and-Pandas/unit-1-reading-data-with-python-and-pandas/lesson-11-reading-data-from-relational-databases/files/Lecture.ipynb
2025-11-14 21:42:54,952 | INFO | Timeout: 300s, Run ID: 1763156574409-ce1f0f4876ea82818df6638f3e3554aa
2025-11-14 21:42:55,720 | INFO | Executing notebook with kernel: python3
2025-11-14 21:43:00,072 | INFO | ModuleNotFoundError detected: pandas. Attempting to install...
2025-11-14 21:43:00,072 | WARNING | Error installing pandas: __init__() got an unexpected keyword argument 'text'
2025-11-14 21:43:00,073 | WARNING | Failed to install pandas. Stopping retry.
2025-11-14 21:43:00,073 | INFO | Result written to /workspace/out/result.json

2025-11-14 18:43:00,564 | INFO | Usando repositório completo: /home/asu/reproducibility_of_jupyter_notebooks-1/data/outputs/repositorios_completos/wewnumam/learn-ai/8ab772e1ed75123431f37ef9483e6c15dba4d264
2025-11-14 18:43:00,564 | INFO | Executando via Docker: image=notebook-executor-py36 nb=data-analysis/RDP-Reading-Data-with-Python-and-Pandas/unit-1-reading-data-with-python-and-pandas/lesson-15-fetching-data-from-a-rest-api/files/Lecture.ipynb
2025-11-14 18:43:00,565 | INFO | docker run: docker run --rm -v /home/asu/reproducibility_of_jupyter_notebooks-1/data/outputs/repositorios_completos/wewnumam/learn-ai/8ab772e1ed75123431f37ef9483e6c15dba4d264:/workspace/repo:ro -v /home/asu/reproducibility_of_jupyter_notebooks-1/data/outputs/repositorios_completos/wewnumam/learn-ai/8ab772e1ed75123431f37ef9483e6c15dba4d264/_out/data-analysis__RDP-Reading-Data-with-Python-and-Pandas__unit-1-reading-data-with-python-and-pandas__lesson-15-fetching-data-from-a-rest-api__files__Lecture.ipynb:/workspace/out -e NOTEBOOK_REL_PATH=data-analysis/RDP-Reading-Data-with-Python-and-Pandas/unit-1-reading-data-with-python-and-pandas/lesson-15-fetching-data-from-a-rest-api/files/Lecture.ipynb -e TIMEOUT_SECONDS=300 -e PYTHON_VERSION_DECLARED=3.6 -e POLICY=strict -e NOTEBOOK_ID=1d9cb73d5cdab6459a7a262a588541a57bca90f86ca81296e28e45b90f21758f -e RUN_ID=1763156580564-1d9cb73d5cdab6459a7a262a588541a5 notebook-executor-py36 python -m scripts.container_worker
2025-11-14 18:43:02,467 | WARNING | Docker returned 1. STDOUT/ERR tail:

2025-11-14 21:43:01,079 | INFO | Executing notebook: data-analysis/RDP-Reading-Data-with-Python-and-Pandas/unit-1-reading-data-with-python-and-pandas/lesson-15-fetching-data-from-a-rest-api/files/Lecture.ipynb
2025-11-14 21:43:01,079 | INFO | Timeout: 300s, Run ID: 1763156580564-1d9cb73d5cdab6459a7a262a588541a5
2025-11-14 21:43:01,855 | INFO | Executing notebook with kernel: python3
2025-11-14 21:43:02,111 | INFO | ModuleNotFoundError detected: pandas. Attempting to install...
2025-11-14 21:43:02,111 | WARNING | Error installing pandas: __init__() got an unexpected keyword argument 'text'
2025-11-14 21:43:02,111 | WARNING | Failed to install pandas. Stopping retry.
2025-11-14 21:43:02,112 | INFO | Result written to /workspace/out/result.json

2025-11-14 18:43:02,476 | INFO | Usando repositório completo: /home/asu/reproducibility_of_jupyter_notebooks-1/data/outputs/repositorios_completos/wewnumam/learn-ai/8ab772e1ed75123431f37ef9483e6c15dba4d264
2025-11-14 18:43:02,477 | INFO | Executando via Docker: image=notebook-executor-py36 nb=data-analysis/RDP-Reading-Data-with-Python-and-Pandas/unit-1-reading-data-with-python-and-pandas/lesson-17-reading-html-tables/files/Lecture.ipynb
2025-11-14 18:43:02,478 | INFO | docker run: docker run --rm -v /home/asu/reproducibility_of_jupyter_notebooks-1/data/outputs/repositorios_completos/wewnumam/learn-ai/8ab772e1ed75123431f37ef9483e6c15dba4d264:/workspace/repo:ro -v /home/asu/reproducibility_of_jupyter_notebooks-1/data/outputs/repositorios_completos/wewnumam/learn-ai/8ab772e1ed75123431f37ef9483e6c15dba4d264/_out/data-analysis__RDP-Reading-Data-with-Python-and-Pandas__unit-1-reading-data-with-python-and-pandas__lesson-17-reading-html-tables__files__Lecture.ipynb:/workspace/out -e NOTEBOOK_REL_PATH=data-analysis/RDP-Reading-Data-with-Python-and-Pandas/unit-1-reading-data-with-python-and-pandas/lesson-17-reading-html-tables/files/Lecture.ipynb -e TIMEOUT_SECONDS=300 -e PYTHON_VERSION_DECLARED=3.6 -e POLICY=strict -e NOTEBOOK_ID=58a25dbb7e3cee5c8b8343fda33bfc2b2522263ecc613cadd6dfb163005c9f3b -e RUN_ID=1763156582477-58a25dbb7e3cee5c8b8343fda33bfc2b notebook-executor-py36 python -m scripts.container_worker
2025-11-14 18:43:07,168 | WARNING | Docker returned 1. STDOUT/ERR tail:

2025-11-14 21:43:02,982 | INFO | Executing notebook: data-analysis/RDP-Reading-Data-with-Python-and-Pandas/unit-1-reading-data-with-python-and-pandas/lesson-17-reading-html-tables/files/Lecture.ipynb
2025-11-14 21:43:02,982 | INFO | Timeout: 300s, Run ID: 1763156582477-58a25dbb7e3cee5c8b8343fda33bfc2b
2025-11-14 21:43:03,733 | INFO | Executing notebook with kernel: python3
2025-11-14 21:43:06,756 | INFO | ModuleNotFoundError detected: pandas. Attempting to install...
2025-11-14 21:43:06,756 | WARNING | Error installing pandas: __init__() got an unexpected keyword argument 'text'
2025-11-14 21:43:06,756 | WARNING | Failed to install pandas. Stopping retry.
2025-11-14 21:43:06,756 | INFO | Result written to /workspace/out/result.json

2025-11-14 18:43:07,176 | INFO | Usando repositório completo: /home/asu/reproducibility_of_jupyter_notebooks-1/data/outputs/repositorios_completos/wewnumam/learn-ai/8ab772e1ed75123431f37ef9483e6c15dba4d264
2025-11-14 18:43:07,177 | INFO | Executando via Docker: image=notebook-executor-py36 nb=data-analysis/RDP-Reading-Data-with-Python-and-Pandas/unit-1-reading-data-with-python-and-pandas/lesson-19-complementary-file-types-and-io-tools/files/Lecture.ipynb
2025-11-14 18:43:07,178 | INFO | docker run: docker run --rm -v /home/asu/reproducibility_of_jupyter_notebooks-1/data/outputs/repositorios_completos/wewnumam/learn-ai/8ab772e1ed75123431f37ef9483e6c15dba4d264:/workspace/repo:ro -v /home/asu/reproducibility_of_jupyter_notebooks-1/data/outputs/repositorios_completos/wewnumam/learn-ai/8ab772e1ed75123431f37ef9483e6c15dba4d264/_out/data-analysis__RDP-Reading-Data-with-Python-and-Pandas__unit-1-reading-data-with-python-and-pandas__lesson-19-complementary-file-types-and-io-tools__files__Lecture.ipynb:/workspace/out -e NOTEBOOK_REL_PATH=data-analysis/RDP-Reading-Data-with-Python-and-Pandas/unit-1-reading-data-with-python-and-pandas/lesson-19-complementary-file-types-and-io-tools/files/Lecture.ipynb -e TIMEOUT_SECONDS=300 -e PYTHON_VERSION_DECLARED=3.6 -e POLICY=strict -e NOTEBOOK_ID=92fdf1af23611040cb77056b3548ff872db87baae81cf3b5210229778fa730db -e RUN_ID=1763156587177-92fdf1af23611040cb77056b3548ff87 notebook-executor-py36 python -m scripts.container_worker
2025-11-14 18:43:09,042 | WARNING | Docker returned 1. STDOUT/ERR tail:

2025-11-14 21:43:07,704 | INFO | Executing notebook: data-analysis/RDP-Reading-Data-with-Python-and-Pandas/unit-1-reading-data-with-python-and-pandas/lesson-19-complementary-file-types-and-io-tools/files/Lecture.ipynb
2025-11-14 21:43:07,704 | INFO | Timeout: 300s, Run ID: 1763156587177-92fdf1af23611040cb77056b3548ff87
2025-11-14 21:43:08,467 | INFO | Executing notebook with kernel: python3
2025-11-14 21:43:08,723 | INFO | ModuleNotFoundError detected: pandas. Attempting to install...
2025-11-14 21:43:08,723 | WARNING | Error installing pandas: __init__() got an unexpected keyword argument 'text'
2025-11-14 21:43:08,723 | WARNING | Failed to install pandas. Stopping retry.
2025-11-14 21:43:08,723 | INFO | Result written to /workspace/out/result.json

2025-11-14 18:43:09,051 | INFO | Usando repositório completo: /home/asu/reproducibility_of_jupyter_notebooks-1/data/outputs/repositorios_completos/wewnumam/learn-ai/8ab772e1ed75123431f37ef9483e6c15dba4d264
2025-11-14 18:43:09,051 | INFO | Executando via Docker: image=notebook-executor-py36 nb=data-analysis/RDP-Reading-Data-with-Python-and-Pandas/unit-1-reading-data-with-python-and-pandas/lesson-5-reading-excel-files/files/Lecture.ipynb
2025-11-14 18:43:09,052 | INFO | docker run: docker run --rm -v /home/asu/reproducibility_of_jupyter_notebooks-1/data/outputs/repositorios_completos/wewnumam/learn-ai/8ab772e1ed75123431f37ef9483e6c15dba4d264:/workspace/repo:ro -v /home/asu/reproducibility_of_jupyter_notebooks-1/data/outputs/repositorios_completos/wewnumam/learn-ai/8ab772e1ed75123431f37ef9483e6c15dba4d264/_out/data-analysis__RDP-Reading-Data-with-Python-and-Pandas__unit-1-reading-data-with-python-and-pandas__lesson-5-reading-excel-files__files__Lecture.ipynb:/workspace/out -e NOTEBOOK_REL_PATH=data-analysis/RDP-Reading-Data-with-Python-and-Pandas/unit-1-reading-data-with-python-and-pandas/lesson-5-reading-excel-files/files/Lecture.ipynb -e TIMEOUT_SECONDS=300 -e PYTHON_VERSION_DECLARED=3.6 -e POLICY=strict -e NOTEBOOK_ID=965bbf9ab3550a9dac0de3fbaefd2fc63786416c11cf844a12c307bc62621ffd -e RUN_ID=1763156589051-965bbf9ab3550a9dac0de3fbaefd2fc6 notebook-executor-py36 python -m scripts.container_worker
2025-11-14 18:43:10,980 | WARNING | Docker returned 1. STDOUT/ERR tail:

2025-11-14 21:43:09,577 | INFO | Executing notebook: data-analysis/RDP-Reading-Data-with-Python-and-Pandas/unit-1-reading-data-with-python-and-pandas/lesson-5-reading-excel-files/files/Lecture.ipynb
2025-11-14 21:43:09,577 | INFO | Timeout: 300s, Run ID: 1763156589051-965bbf9ab3550a9dac0de3fbaefd2fc6
2025-11-14 21:43:10,340 | INFO | Executing notebook with kernel: python3
2025-11-14 21:43:10,596 | INFO | ModuleNotFoundError detected: pandas. Attempting to install...
2025-11-14 21:43:10,596 | WARNING | Error installing pandas: __init__() got an unexpected keyword argument 'text'
2025-11-14 21:43:10,596 | WARNING | Failed to install pandas. Stopping retry.
2025-11-14 21:43:10,597 | INFO | Result written to /workspace/out/result.json

2025-11-14 18:43:10,988 | INFO | Usando repositório completo: /home/asu/reproducibility_of_jupyter_notebooks-1/data/outputs/repositorios_completos/wewnumam/learn-ai/8ab772e1ed75123431f37ef9483e6c15dba4d264
2025-11-14 18:43:10,988 | INFO | Executando via Docker: image=notebook-executor-py36 nb=data-analysis/RDP-Reading-Data-with-Python-and-Pandas/unit-1-reading-data-with-python-and-pandas/lesson-8-reading-json-files/files/Lecture.ipynb
2025-11-14 18:43:10,989 | INFO | docker run: docker run --rm -v /home/asu/reproducibility_of_jupyter_notebooks-1/data/outputs/repositorios_completos/wewnumam/learn-ai/8ab772e1ed75123431f37ef9483e6c15dba4d264:/workspace/repo:ro -v /home/asu/reproducibility_of_jupyter_notebooks-1/data/outputs/repositorios_completos/wewnumam/learn-ai/8ab772e1ed75123431f37ef9483e6c15dba4d264/_out/data-analysis__RDP-Reading-Data-with-Python-and-Pandas__unit-1-reading-data-with-python-and-pandas__lesson-8-reading-json-files__files__Lecture.ipynb:/workspace/out -e NOTEBOOK_REL_PATH=data-analysis/RDP-Reading-Data-with-Python-and-Pandas/unit-1-reading-data-with-python-and-pandas/lesson-8-reading-json-files/files/Lecture.ipynb -e TIMEOUT_SECONDS=300 -e PYTHON_VERSION_DECLARED=3.6 -e POLICY=strict -e NOTEBOOK_ID=9c8b089b8a6be14aadb22e01391f07381185feaefaea98a156bc27efc243b939 -e RUN_ID=1763156590988-9c8b089b8a6be14aadb22e01391f0738 notebook-executor-py36 python -m scripts.container_worker
2025-11-14 18:43:12,855 | WARNING | Docker returned 1. STDOUT/ERR tail:

2025-11-14 21:43:11,501 | INFO | Executing notebook: data-analysis/RDP-Reading-Data-with-Python-and-Pandas/unit-1-reading-data-with-python-and-pandas/lesson-8-reading-json-files/files/Lecture.ipynb
2025-11-14 21:43:11,501 | INFO | Timeout: 300s, Run ID: 1763156590988-9c8b089b8a6be14aadb22e01391f0738
2025-11-14 21:43:12,271 | INFO | Executing notebook with kernel: python3
2025-11-14 21:43:12,526 | INFO | ModuleNotFoundError detected: pandas. Attempting to install...
2025-11-14 21:43:12,526 | WARNING | Error installing pandas: __init__() got an unexpected keyword argument 'text'
2025-11-14 21:43:12,526 | WARNING | Failed to install pandas. Stopping retry.
2025-11-14 21:43:12,527 | INFO | Result written to /workspace/out/result.json

2025-11-14 18:43:12,856 | INFO | Usando repositório completo: /home/asu/reproducibility_of_jupyter_notebooks-1/data/outputs/repositorios_completos/wewnumam/learn-ai/8ab772e1ed75123431f37ef9483e6c15dba4d264
2025-11-14 18:43:12,856 | INFO | Executando via Docker: image=notebook-executor-py313 nb=data-analysis/data-cleaning-rmotr-freecodecamp/1 - Missing Data.ipynb
2025-11-14 18:43:12,857 | INFO | docker run: docker run --rm -v /home/asu/reproducibility_of_jupyter_notebooks-1/data/outputs/repositorios_completos/wewnumam/learn-ai/8ab772e1ed75123431f37ef9483e6c15dba4d264:/workspace/repo:ro -v /home/asu/reproducibility_of_jupyter_notebooks-1/data/outputs/repositorios_completos/wewnumam/learn-ai/8ab772e1ed75123431f37ef9483e6c15dba4d264/_out/data-analysis__data-cleaning-rmotr-freecodecamp__1 - Missing Data.ipynb:/workspace/out -e NOTEBOOK_REL_PATH=data-analysis/data-cleaning-rmotr-freecodecamp/1 - Missing Data.ipynb -e TIMEOUT_SECONDS=300 -e PYTHON_VERSION_DECLARED=3.13 -e POLICY=strict -e NOTEBOOK_ID=f5d517369a7c78daae0af067ef014668a4fa800a0565ad0b5fab7bf2f0dbed4d -e RUN_ID=1763156592856-f5d517369a7c78daae0af067ef014668 notebook-executor-py313 python -m scripts.container_worker
2025-11-14 18:43:16,056 | INFO | Usando repositório completo: /home/asu/reproducibility_of_jupyter_notebooks-1/data/outputs/repositorios_completos/wewnumam/learn-ai/8ab772e1ed75123431f37ef9483e6c15dba4d264
2025-11-14 18:43:16,056 | INFO | Executando via Docker: image=notebook-executor-py313 nb=data-analysis/data-cleaning-rmotr-freecodecamp/2 - Handling Missing Data with Pandas.ipynb
2025-11-14 18:43:16,057 | INFO | docker run: docker run --rm -v /home/asu/reproducibility_of_jupyter_notebooks-1/data/outputs/repositorios_completos/wewnumam/learn-ai/8ab772e1ed75123431f37ef9483e6c15dba4d264:/workspace/repo:ro -v /home/asu/reproducibility_of_jupyter_notebooks-1/data/outputs/repositorios_completos/wewnumam/learn-ai/8ab772e1ed75123431f37ef9483e6c15dba4d264/_out/data-analysis__data-cleaning-rmotr-freecodecamp__2 - Handling Missing Data with Pandas.ipynb:/workspace/out -e NOTEBOOK_REL_PATH=data-analysis/data-cleaning-rmotr-freecodecamp/2 - Handling Missing Data with Pandas.ipynb -e TIMEOUT_SECONDS=300 -e PYTHON_VERSION_DECLARED=3.13 -e POLICY=strict -e NOTEBOOK_ID=3602e8019807053a848681da02e9d5f5e5d52b10c020a69cdccfcd5f609cc5b4 -e RUN_ID=1763156596056-3602e8019807053a848681da02e9d5f5 notebook-executor-py313 python -m scripts.container_worker
2025-11-14 18:43:20,435 | INFO | Usando repositório completo: /home/asu/reproducibility_of_jupyter_notebooks-1/data/outputs/repositorios_completos/wewnumam/learn-ai/8ab772e1ed75123431f37ef9483e6c15dba4d264
2025-11-14 18:43:20,435 | INFO | Executando via Docker: image=notebook-executor-py313 nb=data-analysis/data-cleaning-rmotr-freecodecamp/3 - Cleaning Not Null Values.ipynb
2025-11-14 18:43:20,436 | INFO | docker run: docker run --rm -v /home/asu/reproducibility_of_jupyter_notebooks-1/data/outputs/repositorios_completos/wewnumam/learn-ai/8ab772e1ed75123431f37ef9483e6c15dba4d264:/workspace/repo:ro -v /home/asu/reproducibility_of_jupyter_notebooks-1/data/outputs/repositorios_completos/wewnumam/learn-ai/8ab772e1ed75123431f37ef9483e6c15dba4d264/_out/data-analysis__data-cleaning-rmotr-freecodecamp__3 - Cleaning Not Null Values.ipynb:/workspace/out -e NOTEBOOK_REL_PATH=data-analysis/data-cleaning-rmotr-freecodecamp/3 - Cleaning Not Null Values.ipynb -e TIMEOUT_SECONDS=300 -e PYTHON_VERSION_DECLARED=3.13 -e POLICY=strict -e NOTEBOOK_ID=b24652ff968e871c4657d7c602236d0d9dbf128fa6c193ba741fac799f9b4a40 -e RUN_ID=1763156600435-b24652ff968e871c4657d7c602236d0d notebook-executor-py313 python -m scripts.container_worker
2025-11-14 18:43:26,129 | INFO | Usando repositório completo: /home/asu/reproducibility_of_jupyter_notebooks-1/data/outputs/repositorios_completos/wewnumam/learn-ai/8ab772e1ed75123431f37ef9483e6c15dba4d264
2025-11-14 18:43:26,129 | INFO | Executando via Docker: image=notebook-executor-py313 nb=data-analysis/data-cleaning-rmotr-freecodecamp/4 - More Visualizations.ipynb
2025-11-14 18:43:26,130 | INFO | docker run: docker run --rm -v /home/asu/reproducibility_of_jupyter_notebooks-1/data/outputs/repositorios_completos/wewnumam/learn-ai/8ab772e1ed75123431f37ef9483e6c15dba4d264:/workspace/repo:ro -v /home/asu/reproducibility_of_jupyter_notebooks-1/data/outputs/repositorios_completos/wewnumam/learn-ai/8ab772e1ed75123431f37ef9483e6c15dba4d264/_out/data-analysis__data-cleaning-rmotr-freecodecamp__4 - More Visualizations.ipynb:/workspace/out -e NOTEBOOK_REL_PATH=data-analysis/data-cleaning-rmotr-freecodecamp/4 - More Visualizations.ipynb -e TIMEOUT_SECONDS=300 -e PYTHON_VERSION_DECLARED=3.13 -e POLICY=strict -e NOTEBOOK_ID=2983c66ede47e8f995218bc475be10e9eef33bb2b0a996ff54873c16a296f94f -e RUN_ID=1763156606129-2983c66ede47e8f995218bc475be10e9 notebook-executor-py313 python -m scripts.container_worker
2025-11-14 18:43:37,386 | INFO | Usando repositório completo: /home/asu/reproducibility_of_jupyter_notebooks-1/data/outputs/repositorios_completos/wewnumam/learn-ai/8ab772e1ed75123431f37ef9483e6c15dba4d264
2025-11-14 18:43:37,386 | INFO | Executando via Docker: image=notebook-executor-py313 nb=data-analysis/data-cleaning-rmotr-freecodecamp/5 - Real Example.ipynb
2025-11-14 18:43:37,387 | INFO | docker run: docker run --rm -v /home/asu/reproducibility_of_jupyter_notebooks-1/data/outputs/repositorios_completos/wewnumam/learn-ai/8ab772e1ed75123431f37ef9483e6c15dba4d264:/workspace/repo:ro -v /home/asu/reproducibility_of_jupyter_notebooks-1/data/outputs/repositorios_completos/wewnumam/learn-ai/8ab772e1ed75123431f37ef9483e6c15dba4d264/_out/data-analysis__data-cleaning-rmotr-freecodecamp__5 - Real Example.ipynb:/workspace/out -e NOTEBOOK_REL_PATH=data-analysis/data-cleaning-rmotr-freecodecamp/5 - Real Example.ipynb -e TIMEOUT_SECONDS=300 -e PYTHON_VERSION_DECLARED=3.13 -e POLICY=strict -e NOTEBOOK_ID=fb7c2a129af47f80c10156b86679555b32bc98cf3e1fe77ed2fa8723043c0501 -e RUN_ID=1763156617386-fb7c2a129af47f80c10156b86679555b notebook-executor-py313 python -m scripts.container_worker
2025-11-14 18:43:45,644 | WARNING | Docker returned 1. STDOUT/ERR tail:

2025-11-14 21:43:39,542 | INFO | Executing notebook: data-analysis/data-cleaning-rmotr-freecodecamp/5 - Real Example.ipynb
2025-11-14 21:43:39,542 | INFO | Timeout: 300s, Run ID: 1763156617386-fb7c2a129af47f80c10156b86679555b
2025-11-14 21:43:41,066 | INFO | Executing notebook with kernel: python3
2025-11-14 21:43:44,848 | INFO | Result written to /workspace/out/result.json

2025-11-14 18:43:45,647 | INFO | Usando repositório completo: /home/asu/reproducibility_of_jupyter_notebooks-1/data/outputs/repositorios_completos/wewnumam/learn-ai/8ab772e1ed75123431f37ef9483e6c15dba4d264
2025-11-14 18:43:45,647 | INFO | Executando via Docker: image=notebook-executor-py313 nb=data-analysis/freecodecamp-intro-to-pandas/1 - Pandas - Series.ipynb
2025-11-14 18:43:45,648 | INFO | docker run: docker run --rm -v /home/asu/reproducibility_of_jupyter_notebooks-1/data/outputs/repositorios_completos/wewnumam/learn-ai/8ab772e1ed75123431f37ef9483e6c15dba4d264:/workspace/repo:ro -v /home/asu/reproducibility_of_jupyter_notebooks-1/data/outputs/repositorios_completos/wewnumam/learn-ai/8ab772e1ed75123431f37ef9483e6c15dba4d264/_out/data-analysis__freecodecamp-intro-to-pandas__1 - Pandas - Series.ipynb:/workspace/out -e NOTEBOOK_REL_PATH=data-analysis/freecodecamp-intro-to-pandas/1 - Pandas - Series.ipynb -e TIMEOUT_SECONDS=300 -e PYTHON_VERSION_DECLARED=3.13 -e POLICY=strict -e NOTEBOOK_ID=bc2fe5203c71eafe437c4be9f8bcc0a597ec49de634fce790321089ff9435fe7 -e RUN_ID=1763156625647-bc2fe5203c71eafe437c4be9f8bcc0a5 notebook-executor-py313 python -m scripts.container_worker
2025-11-14 18:43:51,428 | INFO | Usando repositório completo: /home/asu/reproducibility_of_jupyter_notebooks-1/data/outputs/repositorios_completos/wewnumam/learn-ai/8ab772e1ed75123431f37ef9483e6c15dba4d264
2025-11-14 18:43:51,429 | INFO | Executando via Docker: image=notebook-executor-py313 nb=data-analysis/freecodecamp-intro-to-pandas/2 - Pandas Series exercises.ipynb
2025-11-14 18:43:51,430 | INFO | docker run: docker run --rm -v /home/asu/reproducibility_of_jupyter_notebooks-1/data/outputs/repositorios_completos/wewnumam/learn-ai/8ab772e1ed75123431f37ef9483e6c15dba4d264:/workspace/repo:ro -v /home/asu/reproducibility_of_jupyter_notebooks-1/data/outputs/repositorios_completos/wewnumam/learn-ai/8ab772e1ed75123431f37ef9483e6c15dba4d264/_out/data-analysis__freecodecamp-intro-to-pandas__2 - Pandas Series exercises.ipynb:/workspace/out -e NOTEBOOK_REL_PATH=data-analysis/freecodecamp-intro-to-pandas/2 - Pandas Series exercises.ipynb -e TIMEOUT_SECONDS=300 -e PYTHON_VERSION_DECLARED=3.13 -e POLICY=strict -e NOTEBOOK_ID=b4e5a597df960403067a9e96c4afdcc44409466d47a7a1f34c0e01ee36f91235 -e RUN_ID=1763156631429-b4e5a597df960403067a9e96c4afdcc4 notebook-executor-py313 python -m scripts.container_worker
2025-11-14 18:43:55,884 | INFO | Usando repositório completo: /home/asu/reproducibility_of_jupyter_notebooks-1/data/outputs/repositorios_completos/wewnumam/learn-ai/8ab772e1ed75123431f37ef9483e6c15dba4d264
2025-11-14 18:43:55,884 | INFO | Executando via Docker: image=notebook-executor-py313 nb=data-analysis/freecodecamp-intro-to-pandas/3 - Pandas - DataFrames.ipynb
2025-11-14 18:43:55,885 | INFO | docker run: docker run --rm -v /home/asu/reproducibility_of_jupyter_notebooks-1/data/outputs/repositorios_completos/wewnumam/learn-ai/8ab772e1ed75123431f37ef9483e6c15dba4d264:/workspace/repo:ro -v /home/asu/reproducibility_of_jupyter_notebooks-1/data/outputs/repositorios_completos/wewnumam/learn-ai/8ab772e1ed75123431f37ef9483e6c15dba4d264/_out/data-analysis__freecodecamp-intro-to-pandas__3 - Pandas - DataFrames.ipynb:/workspace/out -e NOTEBOOK_REL_PATH=data-analysis/freecodecamp-intro-to-pandas/3 - Pandas - DataFrames.ipynb -e TIMEOUT_SECONDS=300 -e PYTHON_VERSION_DECLARED=3.13 -e POLICY=strict -e NOTEBOOK_ID=2a4d7f4eb0d345db0b141ec89440989b9958da7002b122981c91c668a681af73 -e RUN_ID=1763156635884-2a4d7f4eb0d345db0b141ec89440989b notebook-executor-py313 python -m scripts.container_worker
2025-11-14 18:44:00,389 | INFO | Usando repositório completo: /home/asu/reproducibility_of_jupyter_notebooks-1/data/outputs/repositorios_completos/wewnumam/learn-ai/8ab772e1ed75123431f37ef9483e6c15dba4d264
2025-11-14 18:44:00,389 | INFO | Executando via Docker: image=notebook-executor-py313 nb=data-analysis/freecodecamp-intro-to-pandas/4 - Pandas DataFrames exercises.ipynb
2025-11-14 18:44:00,390 | INFO | docker run: docker run --rm -v /home/asu/reproducibility_of_jupyter_notebooks-1/data/outputs/repositorios_completos/wewnumam/learn-ai/8ab772e1ed75123431f37ef9483e6c15dba4d264:/workspace/repo:ro -v /home/asu/reproducibility_of_jupyter_notebooks-1/data/outputs/repositorios_completos/wewnumam/learn-ai/8ab772e1ed75123431f37ef9483e6c15dba4d264/_out/data-analysis__freecodecamp-intro-to-pandas__4 - Pandas DataFrames exercises.ipynb:/workspace/out -e NOTEBOOK_REL_PATH=data-analysis/freecodecamp-intro-to-pandas/4 - Pandas DataFrames exercises.ipynb -e TIMEOUT_SECONDS=300 -e PYTHON_VERSION_DECLARED=3.13 -e POLICY=strict -e NOTEBOOK_ID=415d8ebd1b64e8feaf4a774b21fe884fdb4b1e70c770ec4d1fc877ff08561daf -e RUN_ID=1763156640389-415d8ebd1b64e8feaf4a774b21fe884f notebook-executor-py313 python -m scripts.container_worker
2025-11-14 18:44:05,331 | INFO | Usando repositório completo: /home/asu/reproducibility_of_jupyter_notebooks-1/data/outputs/repositorios_completos/wewnumam/learn-ai/8ab772e1ed75123431f37ef9483e6c15dba4d264
2025-11-14 18:44:05,331 | INFO | Executando via Docker: image=notebook-executor-py313 nb=data-analysis/freecodecamp-intro-to-pandas/5 - Pandas - Reading CSV and Basic Plotting.ipynb
2025-11-14 18:44:05,332 | INFO | docker run: docker run --rm -v /home/asu/reproducibility_of_jupyter_notebooks-1/data/outputs/repositorios_completos/wewnumam/learn-ai/8ab772e1ed75123431f37ef9483e6c15dba4d264:/workspace/repo:ro -v /home/asu/reproducibility_of_jupyter_notebooks-1/data/outputs/repositorios_completos/wewnumam/learn-ai/8ab772e1ed75123431f37ef9483e6c15dba4d264/_out/data-analysis__freecodecamp-intro-to-pandas__5 - Pandas - Reading CSV and Basic Plotting.ipynb:/workspace/out -e NOTEBOOK_REL_PATH=data-analysis/freecodecamp-intro-to-pandas/5 - Pandas - Reading CSV and Basic Plotting.ipynb -e TIMEOUT_SECONDS=300 -e PYTHON_VERSION_DECLARED=3.13 -e POLICY=strict -e NOTEBOOK_ID=e5e6ce15f5a6a5528d6ed0483b1468c9f57a64e9c76cc80e5fffa524985b887c -e RUN_ID=1763156645331-e5e6ce15f5a6a5528d6ed0483b1468c9 notebook-executor-py313 python -m scripts.container_worker
2025-11-14 18:44:10,258 | WARNING | Docker returned 1. STDOUT/ERR tail:

2025-11-14 21:44:06,863 | INFO | Executing notebook: data-analysis/freecodecamp-intro-to-pandas/5 - Pandas - Reading CSV and Basic Plotting.ipynb
2025-11-14 21:44:06,863 | INFO | Timeout: 300s, Run ID: 1763156645331-e5e6ce15f5a6a5528d6ed0483b1468c9
2025-11-14 21:44:08,024 | INFO | Executing notebook with kernel: python3
2025-11-14 21:44:09,517 | INFO | Result written to /workspace/out/result.json

2025-11-14 18:44:10,305 | INFO | Usando repositório completo: /home/asu/reproducibility_of_jupyter_notebooks-1/data/outputs/repositorios_completos/wewnumam/learn-ai/8ab772e1ed75123431f37ef9483e6c15dba4d264
2025-11-14 18:44:10,307 | INFO | Executando via Docker: image=notebook-executor-py313 nb=data-analysis/programming-with-mosh/HelloWorld.ipynb
2025-11-14 18:44:10,308 | INFO | docker run: docker run --rm -v /home/asu/reproducibility_of_jupyter_notebooks-1/data/outputs/repositorios_completos/wewnumam/learn-ai/8ab772e1ed75123431f37ef9483e6c15dba4d264:/workspace/repo:ro -v /home/asu/reproducibility_of_jupyter_notebooks-1/data/outputs/repositorios_completos/wewnumam/learn-ai/8ab772e1ed75123431f37ef9483e6c15dba4d264/_out/data-analysis__programming-with-mosh__HelloWorld.ipynb:/workspace/out -e NOTEBOOK_REL_PATH=data-analysis/programming-with-mosh/HelloWorld.ipynb -e TIMEOUT_SECONDS=300 -e PYTHON_VERSION_DECLARED=3.13 -e POLICY=strict -e NOTEBOOK_ID=c08f6d4f7295a9c8225d9d298f61f7738c3c02b0ee3ea45a2499c8c1d70ce03b -e RUN_ID=1763156650307-c08f6d4f7295a9c8225d9d298f61f773 notebook-executor-py313 python -m scripts.container_worker
2025-11-14 18:44:14,138 | WARNING | Docker returned 1. STDOUT/ERR tail:

2025-11-14 21:44:11,931 | INFO | Executing notebook: data-analysis/programming-with-mosh/HelloWorld.ipynb
2025-11-14 21:44:11,931 | INFO | Timeout: 300s, Run ID: 1763156650307-c08f6d4f7295a9c8225d9d298f61f773
2025-11-14 21:44:12,867 | INFO | Executing notebook with kernel: python3
2025-11-14 21:44:13,651 | INFO | Result written to /workspace/out/result.json

2025-11-14 18:44:14,140 | INFO | Usando repositório completo: /home/asu/reproducibility_of_jupyter_notebooks-1/data/outputs/repositorios_completos/wewnumam/learn-ai/8ab772e1ed75123431f37ef9483e6c15dba4d264
2025-11-14 18:44:14,140 | INFO | Executando via Docker: image=notebook-executor-py313 nb=data-science/freecodecamp-intro-to-numpy/1. Introduction to Data Science.ipynb
2025-11-14 18:44:14,141 | INFO | docker run: docker run --rm -v /home/asu/reproducibility_of_jupyter_notebooks-1/data/outputs/repositorios_completos/wewnumam/learn-ai/8ab772e1ed75123431f37ef9483e6c15dba4d264:/workspace/repo:ro -v /home/asu/reproducibility_of_jupyter_notebooks-1/data/outputs/repositorios_completos/wewnumam/learn-ai/8ab772e1ed75123431f37ef9483e6c15dba4d264/_out/data-science__freecodecamp-intro-to-numpy__1. Introduction to Data Science.ipynb:/workspace/out -e NOTEBOOK_REL_PATH=data-science/freecodecamp-intro-to-numpy/1. Introduction to Data Science.ipynb -e TIMEOUT_SECONDS=300 -e PYTHON_VERSION_DECLARED=3.13 -e POLICY=strict -e NOTEBOOK_ID=2f265f05414c75f1328687c31fd55d8da421470c91e6ae1c7cf920417d3e9196 -e RUN_ID=1763156654140-2f265f05414c75f1328687c31fd55d8d notebook-executor-py313 python -m scripts.container_worker
2025-11-14 18:44:20,274 | INFO | Usando repositório completo: /home/asu/reproducibility_of_jupyter_notebooks-1/data/outputs/repositorios_completos/wewnumam/learn-ai/8ab772e1ed75123431f37ef9483e6c15dba4d264
2025-11-14 18:44:20,274 | INFO | Executando via Docker: image=notebook-executor-py313 nb=data-science/freecodecamp-intro-to-numpy/2. NumPy.ipynb
2025-11-14 18:44:20,275 | INFO | docker run: docker run --rm -v /home/asu/reproducibility_of_jupyter_notebooks-1/data/outputs/repositorios_completos/wewnumam/learn-ai/8ab772e1ed75123431f37ef9483e6c15dba4d264:/workspace/repo:ro -v /home/asu/reproducibility_of_jupyter_notebooks-1/data/outputs/repositorios_completos/wewnumam/learn-ai/8ab772e1ed75123431f37ef9483e6c15dba4d264/_out/data-science__freecodecamp-intro-to-numpy__2. NumPy.ipynb:/workspace/out -e NOTEBOOK_REL_PATH=data-science/freecodecamp-intro-to-numpy/2. NumPy.ipynb -e TIMEOUT_SECONDS=300 -e PYTHON_VERSION_DECLARED=3.13 -e POLICY=strict -e NOTEBOOK_ID=2858f9d33f294a2101304ba8ddd3579cd2f80b2951172ff9558b4a5d9fa51405 -e RUN_ID=1763156660274-2858f9d33f294a2101304ba8ddd3579c notebook-executor-py313 python -m scripts.container_worker
2025-11-14 18:44:24,438 | INFO | Usando repositório completo: /home/asu/reproducibility_of_jupyter_notebooks-1/data/outputs/repositorios_completos/wewnumam/learn-ai/8ab772e1ed75123431f37ef9483e6c15dba4d264
2025-11-14 18:44:24,438 | INFO | Executando via Docker: image=notebook-executor-py313 nb=data-science/freecodecamp-intro-to-numpy/3. NumPy exercises.ipynb
2025-11-14 18:44:24,439 | INFO | docker run: docker run --rm -v /home/asu/reproducibility_of_jupyter_notebooks-1/data/outputs/repositorios_completos/wewnumam/learn-ai/8ab772e1ed75123431f37ef9483e6c15dba4d264:/workspace/repo:ro -v /home/asu/reproducibility_of_jupyter_notebooks-1/data/outputs/repositorios_completos/wewnumam/learn-ai/8ab772e1ed75123431f37ef9483e6c15dba4d264/_out/data-science__freecodecamp-intro-to-numpy__3. NumPy exercises.ipynb:/workspace/out -e NOTEBOOK_REL_PATH=data-science/freecodecamp-intro-to-numpy/3. NumPy exercises.ipynb -e TIMEOUT_SECONDS=300 -e PYTHON_VERSION_DECLARED=3.13 -e POLICY=strict -e NOTEBOOK_ID=5a7650594104fca13d0d714f5807799e84970f7d903125e28eff973ebdbc1c12 -e RUN_ID=1763156664438-5a7650594104fca13d0d714f5807799e notebook-executor-py313 python -m scripts.container_worker
2025-11-14 18:44:27,894 | WARNING | Docker returned 1. STDOUT/ERR tail:

2025-11-14 21:44:25,791 | INFO | Executing notebook: data-science/freecodecamp-intro-to-numpy/3. NumPy exercises.ipynb
2025-11-14 21:44:25,791 | INFO | Timeout: 300s, Run ID: 1763156664438-5a7650594104fca13d0d714f5807799e
2025-11-14 21:44:26,646 | INFO | Executing notebook with kernel: python3
2025-11-14 21:44:27,190 | INFO | Result written to /workspace/out/result.json

2025-11-14 18:44:27,899 | INFO | Usando repositório completo: /home/asu/reproducibility_of_jupyter_notebooks-1/data/outputs/repositorios_completos/wewnumam/learn-ai/8ab772e1ed75123431f37ef9483e6c15dba4d264
2025-11-14 18:44:27,899 | INFO | Executando via Docker: image=notebook-executor-py313 nb=data-science/freecodecamp-intro-to-numpy/Untitled.ipynb
2025-11-14 18:44:27,901 | INFO | docker run: docker run --rm -v /home/asu/reproducibility_of_jupyter_notebooks-1/data/outputs/repositorios_completos/wewnumam/learn-ai/8ab772e1ed75123431f37ef9483e6c15dba4d264:/workspace/repo:ro -v /home/asu/reproducibility_of_jupyter_notebooks-1/data/outputs/repositorios_completos/wewnumam/learn-ai/8ab772e1ed75123431f37ef9483e6c15dba4d264/_out/data-science__freecodecamp-intro-to-numpy__Untitled.ipynb:/workspace/out -e NOTEBOOK_REL_PATH=data-science/freecodecamp-intro-to-numpy/Untitled.ipynb -e TIMEOUT_SECONDS=300 -e PYTHON_VERSION_DECLARED=3.13 -e POLICY=strict -e NOTEBOOK_ID=24d4e9827fa2276e4e0f622db05e7e997d61ca19a778a0e98f2e14e94ee26371 -e RUN_ID=1763156667899-24d4e9827fa2276e4e0f622db05e7e99 notebook-executor-py313 python -m scripts.container_worker
2025-11-14 18:44:31,637 | INFO | Usando repositório completo: /home/asu/reproducibility_of_jupyter_notebooks-1/data/outputs/repositorios_completos/wewnumam/learn-ai/8ab772e1ed75123431f37ef9483e6c15dba4d264
2025-11-14 18:44:31,637 | INFO | Executando via Docker: image=notebook-executor-py313 nb=machine-learning/decision-tree-classifier/MusicGenreClassifier.ipynb
2025-11-14 18:44:31,638 | INFO | docker run: docker run --rm -v /home/asu/reproducibility_of_jupyter_notebooks-1/data/outputs/repositorios_completos/wewnumam/learn-ai/8ab772e1ed75123431f37ef9483e6c15dba4d264:/workspace/repo:ro -v /home/asu/reproducibility_of_jupyter_notebooks-1/data/outputs/repositorios_completos/wewnumam/learn-ai/8ab772e1ed75123431f37ef9483e6c15dba4d264/_out/machine-learning__decision-tree-classifier__MusicGenreClassifier.ipynb:/workspace/out -e NOTEBOOK_REL_PATH=machine-learning/decision-tree-classifier/MusicGenreClassifier.ipynb -e TIMEOUT_SECONDS=300 -e PYTHON_VERSION_DECLARED=3.13 -e POLICY=strict -e NOTEBOOK_ID=9a72d4b0ff503a4548aa3a128e4957eded8c5971d9a184683789c34edd8d5482 -e RUN_ID=1763156671637-9a72d4b0ff503a4548aa3a128e4957ed notebook-executor-py313 python -m scripts.container_worker
2025-11-14 18:44:38,732 | WARNING | Docker returned 1. STDOUT/ERR tail:

2025-11-14 21:44:33,900 | INFO | Executing notebook: machine-learning/decision-tree-classifier/MusicGenreClassifier.ipynb
2025-11-14 21:44:33,900 | INFO | Timeout: 300s, Run ID: 1763156671637-9a72d4b0ff503a4548aa3a128e4957ed
2025-11-14 21:44:35,019 | INFO | Executing notebook with kernel: python3
2025-11-14 21:44:38,037 | INFO | Result written to /workspace/out/result.json

2025-11-14 18:44:38,739 | INFO | Usando repositório completo: /home/asu/reproducibility_of_jupyter_notebooks-1/data/outputs/repositorios_completos/wewnumam/learn-ai/8ab772e1ed75123431f37ef9483e6c15dba4d264
2025-11-14 18:44:38,739 | INFO | Executando via Docker: image=notebook-executor-py313 nb=machine-learning/decision-tree-classifier/PresistingModel.ipynb
2025-11-14 18:44:38,750 | INFO | docker run: docker run --rm -v /home/asu/reproducibility_of_jupyter_notebooks-1/data/outputs/repositorios_completos/wewnumam/learn-ai/8ab772e1ed75123431f37ef9483e6c15dba4d264:/workspace/repo:ro -v /home/asu/reproducibility_of_jupyter_notebooks-1/data/outputs/repositorios_completos/wewnumam/learn-ai/8ab772e1ed75123431f37ef9483e6c15dba4d264/_out/machine-learning__decision-tree-classifier__PresistingModel.ipynb:/workspace/out -e NOTEBOOK_REL_PATH=machine-learning/decision-tree-classifier/PresistingModel.ipynb -e TIMEOUT_SECONDS=300 -e PYTHON_VERSION_DECLARED=3.13 -e POLICY=strict -e NOTEBOOK_ID=becfe407b02fcdaa75a18aad5d90699def023b2fcc133e4900be03e443f0bfb9 -e RUN_ID=1763156678739-becfe407b02fcdaa75a18aad5d90699d notebook-executor-py313 python -m scripts.container_worker
2025-11-14 18:44:43,295 | WARNING | Docker returned 1. STDOUT/ERR tail:

2025-11-14 21:44:40,170 | INFO | Executing notebook: machine-learning/decision-tree-classifier/PresistingModel.ipynb
2025-11-14 21:44:40,170 | INFO | Timeout: 300s, Run ID: 1763156678739-becfe407b02fcdaa75a18aad5d90699d
2025-11-14 21:44:41,084 | INFO | Executing notebook with kernel: python3
2025-11-14 21:44:42,741 | INFO | Result written to /workspace/out/result.json

2025-11-14 18:44:43,351 | INFO | Usando repositório completo: /home/asu/reproducibility_of_jupyter_notebooks-1/data/outputs/repositorios_completos/wewnumam/learn-ai/8ab772e1ed75123431f37ef9483e6c15dba4d264
2025-11-14 18:44:43,410 | INFO | Executando via Docker: image=notebook-executor nb=mka-ugm/ace/summary/Summarizer.ipynb
2025-11-14 18:44:43,427 | INFO | docker run: docker run --rm -v /home/asu/reproducibility_of_jupyter_notebooks-1/data/outputs/repositorios_completos/wewnumam/learn-ai/8ab772e1ed75123431f37ef9483e6c15dba4d264:/workspace/repo:ro -v /home/asu/reproducibility_of_jupyter_notebooks-1/data/outputs/repositorios_completos/wewnumam/learn-ai/8ab772e1ed75123431f37ef9483e6c15dba4d264/_out/mka-ugm__ace__summary__Summarizer.ipynb:/workspace/out -e NOTEBOOK_REL_PATH=mka-ugm/ace/summary/Summarizer.ipynb -e TIMEOUT_SECONDS=300 -e PYTHON_VERSION_DECLARED= -e POLICY=strict -e NOTEBOOK_ID=aa94d220b7d39f342b8835e43cbb1039c7fefc988db4011a7ba536c2a2056503 -e RUN_ID=1763156683411-aa94d220b7d39f342b8835e43cbb1039 notebook-executor python -m scripts.container_worker
2025-11-14 18:45:30,165 | WARNING | Docker returned 1. STDOUT/ERR tail:

2025-11-14 21:44:45,367 | INFO | Executing notebook: mka-ugm/ace/summary/Summarizer.ipynb
2025-11-14 21:44:45,367 | INFO | Timeout: 300s, Run ID: 1763156683411-aa94d220b7d39f342b8835e43cbb1039
2025-11-14 21:44:46,594 | INFO | Executing notebook with kernel: python3
2025-11-14 21:45:23,938 | INFO | Result written to /workspace/out/result.json

2025-11-14 18:45:30,268 | INFO | Usando repositório completo: /home/asu/reproducibility_of_jupyter_notebooks-1/data/outputs/repositorios_completos/wewnumam/learn-ai/8ab772e1ed75123431f37ef9483e6c15dba4d264
2025-11-14 18:45:30,268 | INFO | Executando via Docker: image=notebook-executor nb=mka-ugm/pma/Tugas_1_Exploratory_Data_Analysis.ipynb
2025-11-14 18:45:30,269 | INFO | docker run: docker run --rm -v /home/asu/reproducibility_of_jupyter_notebooks-1/data/outputs/repositorios_completos/wewnumam/learn-ai/8ab772e1ed75123431f37ef9483e6c15dba4d264:/workspace/repo:ro -v /home/asu/reproducibility_of_jupyter_notebooks-1/data/outputs/repositorios_completos/wewnumam/learn-ai/8ab772e1ed75123431f37ef9483e6c15dba4d264/_out/mka-ugm__pma__Tugas_1_Exploratory_Data_Analysis.ipynb:/workspace/out -e NOTEBOOK_REL_PATH=mka-ugm/pma/Tugas_1_Exploratory_Data_Analysis.ipynb -e TIMEOUT_SECONDS=300 -e PYTHON_VERSION_DECLARED= -e POLICY=strict -e NOTEBOOK_ID=bb642fb641415bdb4da4192112567696b410a2bfc3ac3f9f1e079b22183e1ddb -e RUN_ID=1763156730268-bb642fb641415bdb4da4192112567696 notebook-executor python -m scripts.container_worker
/home/asu/reproducibility_of_jupyter_notebooks-1/.venv-for-project/lib/python3.13/site-packages/nbformat/__init__.py:96: MissingIDFieldWarning: Cell is missing an id field, this will become a hard error in future nbformat versions. You may want to use `normalize()` on your notebooks before validations (available since nbformat 5.1.4). Previous versions of nbformat are fixing this issue transparently, and will stop doing so in the future.
  validate(nb)
2025-11-14 18:46:12,764 | INFO | Usando repositório completo: /home/asu/reproducibility_of_jupyter_notebooks-1/data/outputs/repositorios_completos/wewnumam/learn-ai/8ab772e1ed75123431f37ef9483e6c15dba4d264
2025-11-14 18:46:12,766 | INFO | Executando via Docker: image=notebook-executor-py313 nb=mka-ugm/stmh/Analysis_of_Algorithms.ipynb
2025-11-14 18:46:12,768 | INFO | docker run: docker run --rm -v /home/asu/reproducibility_of_jupyter_notebooks-1/data/outputs/repositorios_completos/wewnumam/learn-ai/8ab772e1ed75123431f37ef9483e6c15dba4d264:/workspace/repo:ro -v /home/asu/reproducibility_of_jupyter_notebooks-1/data/outputs/repositorios_completos/wewnumam/learn-ai/8ab772e1ed75123431f37ef9483e6c15dba4d264/_out/mka-ugm__stmh__Analysis_of_Algorithms.ipynb:/workspace/out -e NOTEBOOK_REL_PATH=mka-ugm/stmh/Analysis_of_Algorithms.ipynb -e TIMEOUT_SECONDS=300 -e PYTHON_VERSION_DECLARED=3.13 -e POLICY=strict -e NOTEBOOK_ID=9753aac533759c40772a38c4ee3a9e849cdb2ef3980de12ef96a4244674e5663 -e RUN_ID=1763156772767-9753aac533759c40772a38c4ee3a9e84 notebook-executor-py313 python -m scripts.container_worker
/home/asu/reproducibility_of_jupyter_notebooks-1/.venv-for-project/lib/python3.13/site-packages/nbformat/__init__.py:96: MissingIDFieldWarning: Cell is missing an id field, this will become a hard error in future nbformat versions. You may want to use `normalize()` on your notebooks before validations (available since nbformat 5.1.4). Previous versions of nbformat are fixing this issue transparently, and will stop doing so in the future.
  validate(nb)
2025-11-14 18:46:17,731 | INFO | Usando repositório completo: /home/asu/reproducibility_of_jupyter_notebooks-1/data/outputs/repositorios_completos/wewnumam/learn-ai/8ab772e1ed75123431f37ef9483e6c15dba4d264
2025-11-14 18:46:17,731 | INFO | Executando via Docker: image=notebook-executor-py313 nb=mka-ugm/stmh/Analysis_of_Algorithms_Enhanced.ipynb
2025-11-14 18:46:17,732 | INFO | docker run: docker run --rm -v /home/asu/reproducibility_of_jupyter_notebooks-1/data/outputs/repositorios_completos/wewnumam/learn-ai/8ab772e1ed75123431f37ef9483e6c15dba4d264:/workspace/repo:ro -v /home/asu/reproducibility_of_jupyter_notebooks-1/data/outputs/repositorios_completos/wewnumam/learn-ai/8ab772e1ed75123431f37ef9483e6c15dba4d264/_out/mka-ugm__stmh__Analysis_of_Algorithms_Enhanced.ipynb:/workspace/out -e NOTEBOOK_REL_PATH=mka-ugm/stmh/Analysis_of_Algorithms_Enhanced.ipynb -e TIMEOUT_SECONDS=300 -e PYTHON_VERSION_DECLARED=3.13 -e POLICY=strict -e NOTEBOOK_ID=57fa626092a7d919a3a82d4acb3e35c7163a581058361bc8a3d0992f14267acf -e RUN_ID=1763156777731-57fa626092a7d919a3a82d4acb3e35c7 notebook-executor-py313 python -m scripts.container_worker
2025-11-14 18:46:21,913 | INFO | Usando repositório completo: /home/asu/reproducibility_of_jupyter_notebooks-1/data/outputs/repositorios_completos/wewnumam/learn-ai/8ab772e1ed75123431f37ef9483e6c15dba4d264
2025-11-14 18:46:21,913 | INFO | Executando via Docker: image=notebook-executor-py313 nb=mka-ugm/stmh/FeatureSelectionGA.ipynb
2025-11-14 18:46:21,914 | INFO | docker run: docker run --rm -v /home/asu/reproducibility_of_jupyter_notebooks-1/data/outputs/repositorios_completos/wewnumam/learn-ai/8ab772e1ed75123431f37ef9483e6c15dba4d264:/workspace/repo:ro -v /home/asu/reproducibility_of_jupyter_notebooks-1/data/outputs/repositorios_completos/wewnumam/learn-ai/8ab772e1ed75123431f37ef9483e6c15dba4d264/_out/mka-ugm__stmh__FeatureSelectionGA.ipynb:/workspace/out -e NOTEBOOK_REL_PATH=mka-ugm/stmh/FeatureSelectionGA.ipynb -e TIMEOUT_SECONDS=300 -e PYTHON_VERSION_DECLARED=3.13 -e POLICY=strict -e NOTEBOOK_ID=91c0afbec4ee0321728abfb490cbb5e1b950af359bb20cfc57d843939ffbb200 -e RUN_ID=1763156781913-91c0afbec4ee0321728abfb490cbb5e1 notebook-executor-py313 python -m scripts.container_worker
2025-11-14 18:46:27,348 | WARNING | Docker returned 1. STDOUT/ERR tail:

2025-11-14 21:46:23,667 | INFO | Executing notebook: mka-ugm/stmh/FeatureSelectionGA.ipynb
2025-11-14 21:46:23,667 | INFO | Timeout: 300s, Run ID: 1763156781913-91c0afbec4ee0321728abfb490cbb5e1
2025-11-14 21:46:24,557 | INFO | Executing notebook with kernel: python3
2025-11-14 21:46:26,514 | INFO | Result written to /workspace/out/result.json

2025-11-14 18:46:27,354 | INFO | Usando repositório completo: /home/asu/reproducibility_of_jupyter_notebooks-1/data/outputs/repositorios_completos/wewnumam/learn-ai/8ab772e1ed75123431f37ef9483e6c15dba4d264
2025-11-14 18:46:27,354 | INFO | Executando via Docker: image=notebook-executor-py313 nb=mka-ugm/stmh/GeneticAlgorithm.ipynb
2025-11-14 18:46:27,355 | INFO | docker run: docker run --rm -v /home/asu/reproducibility_of_jupyter_notebooks-1/data/outputs/repositorios_completos/wewnumam/learn-ai/8ab772e1ed75123431f37ef9483e6c15dba4d264:/workspace/repo:ro -v /home/asu/reproducibility_of_jupyter_notebooks-1/data/outputs/repositorios_completos/wewnumam/learn-ai/8ab772e1ed75123431f37ef9483e6c15dba4d264/_out/mka-ugm__stmh__GeneticAlgorithm.ipynb:/workspace/out -e NOTEBOOK_REL_PATH=mka-ugm/stmh/GeneticAlgorithm.ipynb -e TIMEOUT_SECONDS=300 -e PYTHON_VERSION_DECLARED=3.13 -e POLICY=strict -e NOTEBOOK_ID=6c6014b6d0af72ea41093534b5c5df3cca8422ae9e241709ee6a49e62663b0c4 -e RUN_ID=1763156787354-6c6014b6d0af72ea41093534b5c5df3c notebook-executor-py313 python -m scripts.container_worker
2025-11-14 18:46:34,035 | INFO | Usando repositório completo: /home/asu/reproducibility_of_jupyter_notebooks-1/data/outputs/repositorios_completos/wewnumam/learn-ai/8ab772e1ed75123431f37ef9483e6c15dba4d264
2025-11-14 18:46:34,035 | INFO | Executando via Docker: image=notebook-executor-py313 nb=mka-ugm/stmh/Quiz.ipynb
2025-11-14 18:46:34,036 | INFO | docker run: docker run --rm -v /home/asu/reproducibility_of_jupyter_notebooks-1/data/outputs/repositorios_completos/wewnumam/learn-ai/8ab772e1ed75123431f37ef9483e6c15dba4d264:/workspace/repo:ro -v /home/asu/reproducibility_of_jupyter_notebooks-1/data/outputs/repositorios_completos/wewnumam/learn-ai/8ab772e1ed75123431f37ef9483e6c15dba4d264/_out/mka-ugm__stmh__Quiz.ipynb:/workspace/out -e NOTEBOOK_REL_PATH=mka-ugm/stmh/Quiz.ipynb -e TIMEOUT_SECONDS=300 -e PYTHON_VERSION_DECLARED=3.13 -e POLICY=strict -e NOTEBOOK_ID=d43509acb374901552d7384fa55bf29f5ac2a60d99ccf8934def0d630ac5f798 -e RUN_ID=1763156794035-d43509acb374901552d7384fa55bf29f notebook-executor-py313 python -m scripts.container_worker
2025-11-14 18:46:37,838 | INFO | Usando repositório completo: /home/asu/reproducibility_of_jupyter_notebooks-1/data/outputs/repositorios_completos/wewnumam/learn-ai/8ab772e1ed75123431f37ef9483e6c15dba4d264
2025-11-14 18:46:37,839 | INFO | Executando via Docker: image=notebook-executor-py313 nb=projects/data-analysis-with-python-projects/demographic-data-analysis/Untitled.ipynb
2025-11-14 18:46:37,840 | INFO | docker run: docker run --rm -v /home/asu/reproducibility_of_jupyter_notebooks-1/data/outputs/repositorios_completos/wewnumam/learn-ai/8ab772e1ed75123431f37ef9483e6c15dba4d264:/workspace/repo:ro -v /home/asu/reproducibility_of_jupyter_notebooks-1/data/outputs/repositorios_completos/wewnumam/learn-ai/8ab772e1ed75123431f37ef9483e6c15dba4d264/_out/projects__data-analysis-with-python-projects__demographic-data-analysis__Untitled.ipynb:/workspace/out -e NOTEBOOK_REL_PATH=projects/data-analysis-with-python-projects/demographic-data-analysis/Untitled.ipynb -e TIMEOUT_SECONDS=300 -e PYTHON_VERSION_DECLARED=3.13 -e POLICY=strict -e NOTEBOOK_ID=541a16f5eb0f2b6d438e62aaa5a6c67400e709d757e8bf4859fe7dbb688cbdf4 -e RUN_ID=1763156797839-541a16f5eb0f2b6d438e62aaa5a6c674 notebook-executor-py313 python -m scripts.container_worker
2025-11-14 18:46:42,247 | WARNING | Docker returned 1. STDOUT/ERR tail:

2025-11-14 21:46:39,357 | INFO | Executing notebook: projects/data-analysis-with-python-projects/demographic-data-analysis/Untitled.ipynb
2025-11-14 21:46:39,357 | INFO | Timeout: 300s, Run ID: 1763156797839-541a16f5eb0f2b6d438e62aaa5a6c674
2025-11-14 21:46:40,470 | INFO | Executing notebook with kernel: python3
2025-11-14 21:46:41,461 | INFO | Result written to /workspace/out/result.json

2025-11-14 18:46:42,251 | INFO | Usando repositório completo: /home/asu/reproducibility_of_jupyter_notebooks-1/data/outputs/repositorios_completos/wewnumam/learn-ai/8ab772e1ed75123431f37ef9483e6c15dba4d264
2025-11-14 18:46:42,252 | INFO | Executando via Docker: image=notebook-executor-py313 nb=projects/data-analysis-with-python-projects/medical-data-visualizer/Untitled.ipynb
2025-11-14 18:46:42,253 | INFO | docker run: docker run --rm -v /home/asu/reproducibility_of_jupyter_notebooks-1/data/outputs/repositorios_completos/wewnumam/learn-ai/8ab772e1ed75123431f37ef9483e6c15dba4d264:/workspace/repo:ro -v /home/asu/reproducibility_of_jupyter_notebooks-1/data/outputs/repositorios_completos/wewnumam/learn-ai/8ab772e1ed75123431f37ef9483e6c15dba4d264/_out/projects__data-analysis-with-python-projects__medical-data-visualizer__Untitled.ipynb:/workspace/out -e NOTEBOOK_REL_PATH=projects/data-analysis-with-python-projects/medical-data-visualizer/Untitled.ipynb -e TIMEOUT_SECONDS=300 -e PYTHON_VERSION_DECLARED=3.13 -e POLICY=strict -e NOTEBOOK_ID=c6144e14aa7154ba913b5260f08376fb63251e12b754d77cd5d7cbe64c365c95 -e RUN_ID=1763156802252-c6144e14aa7154ba913b5260f08376fb notebook-executor-py313 python -m scripts.container_worker
2025-11-14 18:46:47,872 | WARNING | Docker returned 1. STDOUT/ERR tail:

2025-11-14 21:46:43,847 | INFO | Executing notebook: projects/data-analysis-with-python-projects/medical-data-visualizer/Untitled.ipynb
2025-11-14 21:46:43,847 | INFO | Timeout: 300s, Run ID: 1763156802252-c6144e14aa7154ba913b5260f08376fb
2025-11-14 21:46:44,932 | INFO | Executing notebook with kernel: python3
2025-11-14 21:46:47,307 | INFO | Result written to /workspace/out/result.json

2025-11-14 18:46:47,876 | INFO | Usando repositório completo: /home/asu/reproducibility_of_jupyter_notebooks-1/data/outputs/repositorios_completos/wewnumam/learn-ai/8ab772e1ed75123431f37ef9483e6c15dba4d264
2025-11-14 18:46:47,876 | INFO | Executando via Docker: image=notebook-executor-py313 nb=projects/data-analysis-with-python-projects/sea-level-predictor/Untitled.ipynb
2025-11-14 18:46:47,888 | INFO | docker run: docker run --rm -v /home/asu/reproducibility_of_jupyter_notebooks-1/data/outputs/repositorios_completos/wewnumam/learn-ai/8ab772e1ed75123431f37ef9483e6c15dba4d264:/workspace/repo:ro -v /home/asu/reproducibility_of_jupyter_notebooks-1/data/outputs/repositorios_completos/wewnumam/learn-ai/8ab772e1ed75123431f37ef9483e6c15dba4d264/_out/projects__data-analysis-with-python-projects__sea-level-predictor__Untitled.ipynb:/workspace/out -e NOTEBOOK_REL_PATH=projects/data-analysis-with-python-projects/sea-level-predictor/Untitled.ipynb -e TIMEOUT_SECONDS=300 -e PYTHON_VERSION_DECLARED=3.13 -e POLICY=strict -e NOTEBOOK_ID=f90bb3769edaee7bb1e23bffcfc00f9fafb9f049543e9d69b948ed883407a21f -e RUN_ID=1763156807876-f90bb3769edaee7bb1e23bffcfc00f9f notebook-executor-py313 python -m scripts.container_worker
2025-11-14 18:46:52,630 | WARNING | Docker returned 1. STDOUT/ERR tail:

2025-11-14 21:46:49,343 | INFO | Executing notebook: projects/data-analysis-with-python-projects/sea-level-predictor/Untitled.ipynb
2025-11-14 21:46:49,343 | INFO | Timeout: 300s, Run ID: 1763156807876-f90bb3769edaee7bb1e23bffcfc00f9f
2025-11-14 21:46:50,175 | INFO | Executing notebook with kernel: python3
2025-11-14 21:46:52,005 | INFO | Result written to /workspace/out/result.json

2025-11-14 18:46:52,634 | INFO | Usando repositório completo: /home/asu/reproducibility_of_jupyter_notebooks-1/data/outputs/repositorios_completos/wewnumam/learn-ai/8ab772e1ed75123431f37ef9483e6c15dba4d264
2025-11-14 18:46:52,634 | INFO | Executando via Docker: image=notebook-executor-py313 nb=projects/data-analysis-with-python-projects/time-series-visualizer/Untitled.ipynb
2025-11-14 18:46:52,635 | INFO | docker run: docker run --rm -v /home/asu/reproducibility_of_jupyter_notebooks-1/data/outputs/repositorios_completos/wewnumam/learn-ai/8ab772e1ed75123431f37ef9483e6c15dba4d264:/workspace/repo:ro -v /home/asu/reproducibility_of_jupyter_notebooks-1/data/outputs/repositorios_completos/wewnumam/learn-ai/8ab772e1ed75123431f37ef9483e6c15dba4d264/_out/projects__data-analysis-with-python-projects__time-series-visualizer__Untitled.ipynb:/workspace/out -e NOTEBOOK_REL_PATH=projects/data-analysis-with-python-projects/time-series-visualizer/Untitled.ipynb -e TIMEOUT_SECONDS=300 -e PYTHON_VERSION_DECLARED=3.13 -e POLICY=strict -e NOTEBOOK_ID=e6e90d26a96ec508860e40cf3b21d0125b4fa69146dd8b683917743c816cc3d0 -e RUN_ID=1763156812635-e6e90d26a96ec508860e40cf3b21d012 notebook-executor-py313 python -m scripts.container_worker
2025-11-14 18:46:57,257 | WARNING | Docker returned 1. STDOUT/ERR tail:

2025-11-14 21:46:53,971 | INFO | Executing notebook: projects/data-analysis-with-python-projects/time-series-visualizer/Untitled.ipynb
2025-11-14 21:46:53,971 | INFO | Timeout: 300s, Run ID: 1763156812635-e6e90d26a96ec508860e40cf3b21d012
2025-11-14 21:46:54,793 | INFO | Executing notebook with kernel: python3
2025-11-14 21:46:56,673 | INFO | Result written to /workspace/out/result.json

2025-11-14 18:46:57,262 | INFO | Usando repositório completo: /home/asu/reproducibility_of_jupyter_notebooks-1/data/outputs/repositorios_completos/jasonkneen/smolagents/9c29c0e00ee86a7eafc0368260ba2500605da09b
2025-11-14 18:46:57,321 | INFO | Executando via Docker: image=notebook-executor-python312 nb=examples/open_deep_research/analysis.ipynb
2025-11-14 18:46:57,323 | INFO | docker run: docker run --rm -v /home/asu/reproducibility_of_jupyter_notebooks-1/data/outputs/repositorios_completos/jasonkneen/smolagents/9c29c0e00ee86a7eafc0368260ba2500605da09b:/workspace/repo:ro -v /home/asu/reproducibility_of_jupyter_notebooks-1/data/outputs/repositorios_completos/jasonkneen/smolagents/9c29c0e00ee86a7eafc0368260ba2500605da09b/_out/examples__open_deep_research__analysis.ipynb:/workspace/out -e NOTEBOOK_REL_PATH=examples/open_deep_research/analysis.ipynb -e TIMEOUT_SECONDS=300 -e PYTHON_VERSION_DECLARED=3.12 -e POLICY=strict -e NOTEBOOK_ID=aaae41c39c5534912ee5fa9094451fe7eab0897c061de6b45fe4e18b0a5a37c5 -e RUN_ID=1763156817321-aaae41c39c5534912ee5fa9094451fe7 notebook-executor-python312 python -m scripts.container_worker
2025-11-14 18:47:13,658 | WARNING | Docker returned 1. STDOUT/ERR tail:

8,949 | INFO | Policy is 'strict': attempting to install repository dependencies...
2025-11-14 21:46:58,950 | INFO | Found pyproject.toml, attempting to install...
2025-11-14 21:47:01,348 | WARNING | Failed to install from pyproject.toml:   error: subprocess-exited-with-error
  
  × Getting requirements to build wheel did not run successfully.
  │ exit code: 1
  ╰─> [3 lines of output]
      running egg_info
      creating src/smolagents.egg-info
      error: could not create 'src/smolagents.egg-info': Read-only file system
      [end of output]
  
  note: This error originates from a subprocess, and is likely not a problem with pip.

[notice] A new release of pip is available: 25.0.1 -> 25.3
[notice] To update, run: pip install 
2025-11-14 21:47:01,348 | INFO | Repository dependency installation completed (may have succeeded or failed)
2025-11-14 21:47:02,466 | INFO | Executing notebook with kernel: python3
2025-11-14 21:47:12,866 | INFO | Result written to /workspace/out/result.json

2025-11-14 18:47:13,661 | INFO | Usando repositório completo: /home/asu/reproducibility_of_jupyter_notebooks-1/data/outputs/repositorios_completos/jasonkneen/smolagents/9c29c0e00ee86a7eafc0368260ba2500605da09b
2025-11-14 18:47:13,661 | INFO | Executando via Docker: image=notebook-executor-python312 nb=examples/open_deep_research/visual_vs_text_browser.ipynb
2025-11-14 18:47:13,662 | INFO | docker run: docker run --rm -v /home/asu/reproducibility_of_jupyter_notebooks-1/data/outputs/repositorios_completos/jasonkneen/smolagents/9c29c0e00ee86a7eafc0368260ba2500605da09b:/workspace/repo:ro -v /home/asu/reproducibility_of_jupyter_notebooks-1/data/outputs/repositorios_completos/jasonkneen/smolagents/9c29c0e00ee86a7eafc0368260ba2500605da09b/_out/examples__open_deep_research__visual_vs_text_browser.ipynb:/workspace/out -e NOTEBOOK_REL_PATH=examples/open_deep_research/visual_vs_text_browser.ipynb -e TIMEOUT_SECONDS=300 -e PYTHON_VERSION_DECLARED=3.12 -e POLICY=strict -e NOTEBOOK_ID=7ffdce5485c1f1a3f36c4199a0751deceb7cbfea05d6af384cfcc00f7aa3239b -e RUN_ID=1763156833661-7ffdce5485c1f1a3f36c4199a0751dec notebook-executor-python312 python -m scripts.container_worker
2025-11-14 18:47:35,098 | WARNING | Docker returned 1. STDOUT/ERR tail:

wheel did not run successfully.
  │ exit code: 1
  ╰─> [3 lines of output]
      running egg_info
      creating src/smolagents.egg-info
      error: could not create 'src/smolagents.egg-info': Read-only file system
      [end of output]
  
  note: This error originates from a subprocess, and is likely not a problem with pip.

[notice] A new release of pip is available: 25.0.1 -> 25.3
[notice] To update, run: pip install 
2025-11-14 21:47:16,916 | INFO | Repository dependency installation completed (may have succeeded or failed)
2025-11-14 21:47:17,771 | INFO | Executing notebook with kernel: python3
2025-11-14 21:47:26,708 | INFO | ModuleNotFoundError detected: datasets. Attempting to install...
2025-11-14 21:47:28,290 | INFO | Successfully installed datasets
2025-11-14 21:47:28,290 | INFO | Installed datasets. Re-executing notebook...
2025-11-14 21:47:29,040 | INFO | Executing notebook with kernel: python3
2025-11-14 21:47:33,339 | INFO | Result written to /workspace/out/result.json

2025-11-14 18:47:35,101 | INFO | Usando repositório completo: /home/asu/reproducibility_of_jupyter_notebooks-1/data/outputs/repositorios_completos/jasonkneen/smolagents/9c29c0e00ee86a7eafc0368260ba2500605da09b
2025-11-14 18:47:35,101 | INFO | Executando via Docker: image=notebook-executor-python312 nb=examples/smolagents_benchmark/score.ipynb
2025-11-14 18:47:35,102 | INFO | docker run: docker run --rm -v /home/asu/reproducibility_of_jupyter_notebooks-1/data/outputs/repositorios_completos/jasonkneen/smolagents/9c29c0e00ee86a7eafc0368260ba2500605da09b:/workspace/repo:ro -v /home/asu/reproducibility_of_jupyter_notebooks-1/data/outputs/repositorios_completos/jasonkneen/smolagents/9c29c0e00ee86a7eafc0368260ba2500605da09b/_out/examples__smolagents_benchmark__score.ipynb:/workspace/out -e NOTEBOOK_REL_PATH=examples/smolagents_benchmark/score.ipynb -e TIMEOUT_SECONDS=300 -e PYTHON_VERSION_DECLARED=3.12 -e POLICY=strict -e NOTEBOOK_ID=9c948c5085a427829c9195bef3cfa770ced3aa5dbedb7fa9498fe26cd6af6f89 -e RUN_ID=1763156855101-9c948c5085a427829c9195bef3cfa770 notebook-executor-python312 python -m scripts.container_worker
2025-11-14 18:47:51,284 | WARNING | Docker returned 1. STDOUT/ERR tail:

wheel did not run successfully.
  │ exit code: 1
  ╰─> [3 lines of output]
      running egg_info
      creating src/smolagents.egg-info
      error: could not create 'src/smolagents.egg-info': Read-only file system
      [end of output]
  
  note: This error originates from a subprocess, and is likely not a problem with pip.

[notice] A new release of pip is available: 25.0.1 -> 25.3
[notice] To update, run: pip install 
2025-11-14 21:47:39,243 | INFO | Repository dependency installation completed (may have succeeded or failed)
2025-11-14 21:47:40,162 | INFO | Executing notebook with kernel: python3
2025-11-14 21:47:40,982 | INFO | ModuleNotFoundError detected: datasets. Attempting to install...
2025-11-14 21:47:45,268 | INFO | Successfully installed datasets
2025-11-14 21:47:45,268 | INFO | Installed datasets. Re-executing notebook...
2025-11-14 21:47:46,012 | INFO | Executing notebook with kernel: python3
2025-11-14 21:47:50,036 | INFO | Result written to /workspace/out/result.json

2025-11-14 18:47:51,300 | INFO | Usando repositório completo: /home/asu/reproducibility_of_jupyter_notebooks-1/data/outputs/repositorios_completos/1drie5/py-playground/c70d89bffb0e3cf6840e1a7d4030eb7ced1e1f11
2025-11-14 18:47:51,300 | INFO | Executando via Docker: image=notebook-executor nb=pytorch-campusx/2_tensors_in_pytorch.ipynb
2025-11-14 18:47:51,323 | INFO | docker run: docker run --rm -v /home/asu/reproducibility_of_jupyter_notebooks-1/data/outputs/repositorios_completos/1drie5/py-playground/c70d89bffb0e3cf6840e1a7d4030eb7ced1e1f11:/workspace/repo:ro -v /home/asu/reproducibility_of_jupyter_notebooks-1/data/outputs/repositorios_completos/1drie5/py-playground/c70d89bffb0e3cf6840e1a7d4030eb7ced1e1f11/_out/pytorch-campusx__2_tensors_in_pytorch.ipynb:/workspace/out -e NOTEBOOK_REL_PATH=pytorch-campusx/2_tensors_in_pytorch.ipynb -e TIMEOUT_SECONDS=300 -e PYTHON_VERSION_DECLARED= -e POLICY=strict -e NOTEBOOK_ID=48c0ad09c6478f1852779c0dce2378c050055abd260d88750421118c7797a620 -e RUN_ID=1763156871300-48c0ad09c6478f1852779c0dce2378c0 notebook-executor python -m scripts.container_worker
2025-11-14 18:47:57,901 | INFO | Usando repositório completo: /home/asu/reproducibility_of_jupyter_notebooks-1/data/outputs/repositorios_completos/1drie5/py-playground/c70d89bffb0e3cf6840e1a7d4030eb7ced1e1f11
2025-11-14 18:47:57,901 | INFO | Executando via Docker: image=notebook-executor nb=pytorch-campusx/3_pytorch_autograd.ipynb
2025-11-14 18:47:57,902 | INFO | docker run: docker run --rm -v /home/asu/reproducibility_of_jupyter_notebooks-1/data/outputs/repositorios_completos/1drie5/py-playground/c70d89bffb0e3cf6840e1a7d4030eb7ced1e1f11:/workspace/repo:ro -v /home/asu/reproducibility_of_jupyter_notebooks-1/data/outputs/repositorios_completos/1drie5/py-playground/c70d89bffb0e3cf6840e1a7d4030eb7ced1e1f11/_out/pytorch-campusx__3_pytorch_autograd.ipynb:/workspace/out -e NOTEBOOK_REL_PATH=pytorch-campusx/3_pytorch_autograd.ipynb -e TIMEOUT_SECONDS=300 -e PYTHON_VERSION_DECLARED= -e POLICY=strict -e NOTEBOOK_ID=bcf3988d483f5877bb571105fb0af7350bef01c840e41411b458325b388a40a2 -e RUN_ID=1763156877901-bcf3988d483f5877bb571105fb0af735 notebook-executor python -m scripts.container_worker
2025-11-14 18:48:03,429 | WARNING | Docker returned 1. STDOUT/ERR tail:

2025-11-14 21:47:59,512 | INFO | Executing notebook: pytorch-campusx/3_pytorch_autograd.ipynb
2025-11-14 21:47:59,512 | INFO | Timeout: 300s, Run ID: 1763156877901-bcf3988d483f5877bb571105fb0af735
2025-11-14 21:48:00,363 | INFO | Executing notebook with kernel: python3
2025-11-14 21:48:02,648 | INFO | Result written to /workspace/out/result.json

2025-11-14 18:48:03,435 | INFO | Usando repositório completo: /home/asu/reproducibility_of_jupyter_notebooks-1/data/outputs/repositorios_completos/1drie5/py-playground/c70d89bffb0e3cf6840e1a7d4030eb7ced1e1f11
2025-11-14 18:48:03,435 | INFO | Executando via Docker: image=notebook-executor nb=pytorch-campusx/4_pytorch_training_pipeline.ipynb
2025-11-14 18:48:03,436 | INFO | docker run: docker run --rm -v /home/asu/reproducibility_of_jupyter_notebooks-1/data/outputs/repositorios_completos/1drie5/py-playground/c70d89bffb0e3cf6840e1a7d4030eb7ced1e1f11:/workspace/repo:ro -v /home/asu/reproducibility_of_jupyter_notebooks-1/data/outputs/repositorios_completos/1drie5/py-playground/c70d89bffb0e3cf6840e1a7d4030eb7ced1e1f11/_out/pytorch-campusx__4_pytorch_training_pipeline.ipynb:/workspace/out -e NOTEBOOK_REL_PATH=pytorch-campusx/4_pytorch_training_pipeline.ipynb -e TIMEOUT_SECONDS=300 -e PYTHON_VERSION_DECLARED= -e POLICY=strict -e NOTEBOOK_ID=201396860268cfc3212f75cde7830699873c61a5ad7e721f6b982479f48fee9c -e RUN_ID=1763156883435-201396860268cfc3212f75cde7830699 notebook-executor python -m scripts.container_worker
2025-11-14 18:48:11,427 | INFO | Usando repositório completo: /home/asu/reproducibility_of_jupyter_notebooks-1/data/outputs/repositorios_completos/1drie5/py-playground/c70d89bffb0e3cf6840e1a7d4030eb7ced1e1f11
2025-11-14 18:48:11,428 | INFO | Executando via Docker: image=notebook-executor nb=pytorch-campusx/5_pytorch_nn_module.ipynb
2025-11-14 18:48:11,429 | INFO | docker run: docker run --rm -v /home/asu/reproducibility_of_jupyter_notebooks-1/data/outputs/repositorios_completos/1drie5/py-playground/c70d89bffb0e3cf6840e1a7d4030eb7ced1e1f11:/workspace/repo:ro -v /home/asu/reproducibility_of_jupyter_notebooks-1/data/outputs/repositorios_completos/1drie5/py-playground/c70d89bffb0e3cf6840e1a7d4030eb7ced1e1f11/_out/pytorch-campusx__5_pytorch_nn_module.ipynb:/workspace/out -e NOTEBOOK_REL_PATH=pytorch-campusx/5_pytorch_nn_module.ipynb -e TIMEOUT_SECONDS=300 -e PYTHON_VERSION_DECLARED= -e POLICY=strict -e NOTEBOOK_ID=0a8ee176667ea5293fd5c9cf42e3b4d0f97fb3420f8d80e8f9a99317976b226b -e RUN_ID=1763156891428-0a8ee176667ea5293fd5c9cf42e3b4d0 notebook-executor python -m scripts.container_worker
2025-11-14 18:48:21,117 | INFO | Usando repositório completo: /home/asu/reproducibility_of_jupyter_notebooks-1/data/outputs/repositorios_completos/As17-01/brain_signals/49706e10b05aa4e2867a12eb6ea507b9fae4fed1
2025-11-14 18:48:21,117 | INFO | Executando via Docker: image=notebook-executor nb=notebooks/archieve/embedded/Comparison_plot.ipynb
2025-11-14 18:48:21,119 | INFO | docker run: docker run --rm -v /home/asu/reproducibility_of_jupyter_notebooks-1/data/outputs/repositorios_completos/As17-01/brain_signals/49706e10b05aa4e2867a12eb6ea507b9fae4fed1:/workspace/repo:ro -v /home/asu/reproducibility_of_jupyter_notebooks-1/data/outputs/repositorios_completos/As17-01/brain_signals/49706e10b05aa4e2867a12eb6ea507b9fae4fed1/_out/notebooks__archieve__embedded__Comparison_plot.ipynb:/workspace/out -e NOTEBOOK_REL_PATH=notebooks/archieve/embedded/Comparison_plot.ipynb -e TIMEOUT_SECONDS=300 -e PYTHON_VERSION_DECLARED=3.10 -e POLICY=strict -e NOTEBOOK_ID=6d095960536f37765ce49e1b402b8c96960e4261bf26b7c9ab398969004365f0 -e RUN_ID=1763156901118-6d095960536f37765ce49e1b402b8c96 notebook-executor python -m scripts.container_worker
2025-11-14 18:48:25,079 | WARNING | Docker returned 1. STDOUT/ERR tail:

2025-11-14 21:48:22,556 | INFO | Executing notebook: notebooks/archieve/embedded/Comparison_plot.ipynb
2025-11-14 21:48:22,556 | INFO | Timeout: 300s, Run ID: 1763156901118-6d095960536f37765ce49e1b402b8c96
2025-11-14 21:48:23,318 | INFO | Executing notebook with kernel: python3
2025-11-14 21:48:24,425 | INFO | Result written to /workspace/out/result.json

2025-11-14 18:48:25,090 | INFO | Usando repositório completo: /home/asu/reproducibility_of_jupyter_notebooks-1/data/outputs/repositorios_completos/As17-01/brain_signals/49706e10b05aa4e2867a12eb6ea507b9fae4fed1
2025-11-14 18:48:25,090 | INFO | Executando via Docker: image=notebook-executor nb=notebooks/archieve/embedded/GRUv1.ipynb
2025-11-14 18:48:25,091 | INFO | docker run: docker run --rm -v /home/asu/reproducibility_of_jupyter_notebooks-1/data/outputs/repositorios_completos/As17-01/brain_signals/49706e10b05aa4e2867a12eb6ea507b9fae4fed1:/workspace/repo:ro -v /home/asu/reproducibility_of_jupyter_notebooks-1/data/outputs/repositorios_completos/As17-01/brain_signals/49706e10b05aa4e2867a12eb6ea507b9fae4fed1/_out/notebooks__archieve__embedded__GRUv1.ipynb:/workspace/out -e NOTEBOOK_REL_PATH=notebooks/archieve/embedded/GRUv1.ipynb -e TIMEOUT_SECONDS=300 -e PYTHON_VERSION_DECLARED=3.10 -e POLICY=strict -e NOTEBOOK_ID=b62468a341b4a7f414c2366044c12a8228ca898be5d59a73d2e9b91690c34f26 -e RUN_ID=1763156905090-b62468a341b4a7f414c2366044c12a82 notebook-executor python -m scripts.container_worker
2025-11-14 18:50:06,874 | WARNING | Docker returned 1. STDOUT/ERR tail:

 21:50:01.763725: I tensorflow/core/util/port.cc:153] oneDNN custom operations are on. You may see slightly different numerical results due to floating-point round-off errors from different computation orders. To turn them off, set the environment variable `TF_ENABLE_ONEDNN_OPTS=0`.
2025-11-14 21:50:01.813271: I tensorflow/core/platform/cpu_feature_guard.cc:210] This TensorFlow binary is optimized to use available CPU instructions in performance-critical operations.
To enable the following instructions: AVX2 AVX512F AVX512_VNNI AVX512_BF16 FMA, in other operations, rebuild TensorFlow with the appropriate compiler flags.
2025-11-14 21:50:02.880922: I tensorflow/core/util/port.cc:153] oneDNN custom operations are on. You may see slightly different numerical results due to floating-point round-off errors from different computation orders. To turn them off, set the environment variable `TF_ENABLE_ONEDNN_OPTS=0`.
2025-11-14 21:50:04,986 | INFO | Result written to /workspace/out/result.json

2025-11-14 18:50:06,886 | INFO | Usando repositório completo: /home/asu/reproducibility_of_jupyter_notebooks-1/data/outputs/repositorios_completos/As17-01/brain_signals/49706e10b05aa4e2867a12eb6ea507b9fae4fed1
2025-11-14 18:50:06,886 | INFO | Executando via Docker: image=notebook-executor nb=notebooks/archieve/embedded/GRUv1_emb1.ipynb
2025-11-14 18:50:06,887 | INFO | docker run: docker run --rm -v /home/asu/reproducibility_of_jupyter_notebooks-1/data/outputs/repositorios_completos/As17-01/brain_signals/49706e10b05aa4e2867a12eb6ea507b9fae4fed1:/workspace/repo:ro -v /home/asu/reproducibility_of_jupyter_notebooks-1/data/outputs/repositorios_completos/As17-01/brain_signals/49706e10b05aa4e2867a12eb6ea507b9fae4fed1/_out/notebooks__archieve__embedded__GRUv1_emb1.ipynb:/workspace/out -e NOTEBOOK_REL_PATH=notebooks/archieve/embedded/GRUv1_emb1.ipynb -e TIMEOUT_SECONDS=300 -e PYTHON_VERSION_DECLARED=3.10 -e POLICY=strict -e NOTEBOOK_ID=29749a476c884fbb71e2a090e184ecad49e8cfc0b1ee5185e3b1f81735a725cb -e RUN_ID=1763157006886-29749a476c884fbb71e2a090e184ecad notebook-executor python -m scripts.container_worker
2025-11-14 18:51:56,425 | WARNING | Docker returned 1. STDOUT/ERR tail:

 21:51:50.967847: I tensorflow/core/util/port.cc:153] oneDNN custom operations are on. You may see slightly different numerical results due to floating-point round-off errors from different computation orders. To turn them off, set the environment variable `TF_ENABLE_ONEDNN_OPTS=0`.
2025-11-14 21:51:51.018605: I tensorflow/core/platform/cpu_feature_guard.cc:210] This TensorFlow binary is optimized to use available CPU instructions in performance-critical operations.
To enable the following instructions: AVX2 AVX512F AVX512_VNNI AVX512_BF16 FMA, in other operations, rebuild TensorFlow with the appropriate compiler flags.
2025-11-14 21:51:52.267184: I tensorflow/core/util/port.cc:153] oneDNN custom operations are on. You may see slightly different numerical results due to floating-point round-off errors from different computation orders. To turn them off, set the environment variable `TF_ENABLE_ONEDNN_OPTS=0`.
2025-11-14 21:51:54,362 | INFO | Result written to /workspace/out/result.json

2025-11-14 18:51:56,437 | INFO | Usando repositório completo: /home/asu/reproducibility_of_jupyter_notebooks-1/data/outputs/repositorios_completos/As17-01/brain_signals/49706e10b05aa4e2867a12eb6ea507b9fae4fed1
2025-11-14 18:51:56,437 | INFO | Executando via Docker: image=notebook-executor nb=notebooks/archieve/embedded/GRUv1_emb2.ipynb
2025-11-14 18:51:56,438 | INFO | docker run: docker run --rm -v /home/asu/reproducibility_of_jupyter_notebooks-1/data/outputs/repositorios_completos/As17-01/brain_signals/49706e10b05aa4e2867a12eb6ea507b9fae4fed1:/workspace/repo:ro -v /home/asu/reproducibility_of_jupyter_notebooks-1/data/outputs/repositorios_completos/As17-01/brain_signals/49706e10b05aa4e2867a12eb6ea507b9fae4fed1/_out/notebooks__archieve__embedded__GRUv1_emb2.ipynb:/workspace/out -e NOTEBOOK_REL_PATH=notebooks/archieve/embedded/GRUv1_emb2.ipynb -e TIMEOUT_SECONDS=300 -e PYTHON_VERSION_DECLARED=3.10 -e POLICY=strict -e NOTEBOOK_ID=50b5838c4f9c3905b47af7b0aa2ab5f7f419be5a45d953d40e54d1c2e967a64c -e RUN_ID=1763157116437-50b5838c4f9c3905b47af7b0aa2ab5f7 notebook-executor python -m scripts.container_worker
2025-11-14 18:53:45,516 | WARNING | Docker returned 1. STDOUT/ERR tail:

 21:53:39.891575: I tensorflow/core/util/port.cc:153] oneDNN custom operations are on. You may see slightly different numerical results due to floating-point round-off errors from different computation orders. To turn them off, set the environment variable `TF_ENABLE_ONEDNN_OPTS=0`.
2025-11-14 21:53:39.940079: I tensorflow/core/platform/cpu_feature_guard.cc:210] This TensorFlow binary is optimized to use available CPU instructions in performance-critical operations.
To enable the following instructions: AVX2 AVX512F AVX512_VNNI AVX512_BF16 FMA, in other operations, rebuild TensorFlow with the appropriate compiler flags.
2025-11-14 21:53:41.057589: I tensorflow/core/util/port.cc:153] oneDNN custom operations are on. You may see slightly different numerical results due to floating-point round-off errors from different computation orders. To turn them off, set the environment variable `TF_ENABLE_ONEDNN_OPTS=0`.
2025-11-14 21:53:43,490 | INFO | Result written to /workspace/out/result.json

2025-11-14 18:53:45,533 | INFO | Usando repositório completo: /home/asu/reproducibility_of_jupyter_notebooks-1/data/outputs/repositorios_completos/As17-01/brain_signals/49706e10b05aa4e2867a12eb6ea507b9fae4fed1
2025-11-14 18:53:45,557 | INFO | Executando via Docker: image=notebook-executor nb=notebooks/archieve/embedded/GRUv1_emb3.ipynb
2025-11-14 18:53:45,558 | INFO | docker run: docker run --rm -v /home/asu/reproducibility_of_jupyter_notebooks-1/data/outputs/repositorios_completos/As17-01/brain_signals/49706e10b05aa4e2867a12eb6ea507b9fae4fed1:/workspace/repo:ro -v /home/asu/reproducibility_of_jupyter_notebooks-1/data/outputs/repositorios_completos/As17-01/brain_signals/49706e10b05aa4e2867a12eb6ea507b9fae4fed1/_out/notebooks__archieve__embedded__GRUv1_emb3.ipynb:/workspace/out -e NOTEBOOK_REL_PATH=notebooks/archieve/embedded/GRUv1_emb3.ipynb -e TIMEOUT_SECONDS=300 -e PYTHON_VERSION_DECLARED=3.10 -e POLICY=strict -e NOTEBOOK_ID=10ec2fea97899b80746a27d29d4a4499b85d802de7381e629bca25c6a84d3b6d -e RUN_ID=1763157225557-10ec2fea97899b80746a27d29d4a4499 notebook-executor python -m scripts.container_worker
b3.ipynb
2025-11-14 18:53:45,558 | INFO | docker run: docker run --rm -v /home/asu/reproducibility_of_jupyter_notebooks-1/data/outputs/repositorios_completos/As17-01/brain_signals/49706e10b05aa4e2867a12eb6ea507b9fae4fed1:/workspace/repo:ro -v /home/asu/reproducibility_of_jupyter_notebooks-1/data/outputs/repositorios_completos/As17-01/brain_signals/49706e10b05aa4e2867a12eb6ea507b9fae4fed1/_out/notebooks__archieve__embedded__GRUv1_emb3.ipynb:/workspace/out -e NOTEBOOK_REL_PATH=notebooks/archieve/embedded/GRUv1_emb3.ipynb -e TIMEOUT_SECONDS=300 -e PYTHON_VERSION_DECLARED=3.10 -e POLICY=strict -e NOTEBOOK_ID=10ec2fea97899b80746a27d29d4a4499b85d802de7381e629bca25c6a84d3b6d -e RUN_ID=1763157225557-10ec2fea97899b80746a27d29d4a4499 notebook-executor python -m scripts.container_worker
2025-11-14 18:53:53,905 | INFO | Limpeza do workspace temporário concluída.
